Archive member included to satisfy reference by file (symbol)

C:/ST/STM32CubeIDE_1.15.1/STM32CubeIDE/plugins/com.st.stm32cube.ide.mcu.externaltools.gnu-tools-for-stm32.12.3.rel1.win32_1.0.100.202403111256/tools/bin/../lib/gcc/arm-none-eabi/12.3.1/../../../../arm-none-eabi/lib/thumb/v7e-m+fp/hard\libstdc++_nano.a(del_ops.o)
                              ./Games/Game_2048.o (operator delete(void*, unsigned int))
C:/ST/STM32CubeIDE_1.15.1/STM32CubeIDE/plugins/com.st.stm32cube.ide.mcu.externaltools.gnu-tools-for-stm32.12.3.rel1.win32_1.0.100.202403111256/tools/bin/../lib/gcc/arm-none-eabi/12.3.1/../../../../arm-none-eabi/lib/thumb/v7e-m+fp/hard\libstdc++_nano.a(del_opv.o)
                              ./Games/Game_2048.o (operator delete[](void*))
C:/ST/STM32CubeIDE_1.15.1/STM32CubeIDE/plugins/com.st.stm32cube.ide.mcu.externaltools.gnu-tools-for-stm32.12.3.rel1.win32_1.0.100.202403111256/tools/bin/../lib/gcc/arm-none-eabi/12.3.1/../../../../arm-none-eabi/lib/thumb/v7e-m+fp/hard\libstdc++_nano.a(new_op.o)
                              ./Core/Src/main.o (operator new(unsigned int))
C:/ST/STM32CubeIDE_1.15.1/STM32CubeIDE/plugins/com.st.stm32cube.ide.mcu.externaltools.gnu-tools-for-stm32.12.3.rel1.win32_1.0.100.202403111256/tools/bin/../lib/gcc/arm-none-eabi/12.3.1/../../../../arm-none-eabi/lib/thumb/v7e-m+fp/hard\libstdc++_nano.a(new_opv.o)
                              ./Games/Game_2048.o (operator new[](unsigned int))
C:/ST/STM32CubeIDE_1.15.1/STM32CubeIDE/plugins/com.st.stm32cube.ide.mcu.externaltools.gnu-tools-for-stm32.12.3.rel1.win32_1.0.100.202403111256/tools/bin/../lib/gcc/arm-none-eabi/12.3.1/../../../../arm-none-eabi/lib/thumb/v7e-m+fp/hard\libstdc++_nano.a(functexcept.o)
                              ./Games/Game_2048.o (std::__throw_bad_alloc())
C:/ST/STM32CubeIDE_1.15.1/STM32CubeIDE/plugins/com.st.stm32cube.ide.mcu.externaltools.gnu-tools-for-stm32.12.3.rel1.win32_1.0.100.202403111256/tools/bin/../lib/gcc/arm-none-eabi/12.3.1/../../../../arm-none-eabi/lib/thumb/v7e-m+fp/hard\libstdc++_nano.a(del_op.o)
                              C:/ST/STM32CubeIDE_1.15.1/STM32CubeIDE/plugins/com.st.stm32cube.ide.mcu.externaltools.gnu-tools-for-stm32.12.3.rel1.win32_1.0.100.202403111256/tools/bin/../lib/gcc/arm-none-eabi/12.3.1/../../../../arm-none-eabi/lib/thumb/v7e-m+fp/hard\libstdc++_nano.a(del_ops.o) (operator delete(void*))
C:/ST/STM32CubeIDE_1.15.1/STM32CubeIDE/plugins/com.st.stm32cube.ide.mcu.externaltools.gnu-tools-for-stm32.12.3.rel1.win32_1.0.100.202403111256/tools/bin/../lib/gcc/arm-none-eabi/12.3.1/../../../../arm-none-eabi/lib/thumb/v7e-m+fp/hard\libstdc++_nano.a(new_handler.o)
                              C:/ST/STM32CubeIDE_1.15.1/STM32CubeIDE/plugins/com.st.stm32cube.ide.mcu.externaltools.gnu-tools-for-stm32.12.3.rel1.win32_1.0.100.202403111256/tools/bin/../lib/gcc/arm-none-eabi/12.3.1/../../../../arm-none-eabi/lib/thumb/v7e-m+fp/hard\libstdc++_nano.a(new_op.o) (std::get_new_handler())
C:/ST/STM32CubeIDE_1.15.1/STM32CubeIDE/plugins/com.st.stm32cube.ide.mcu.externaltools.gnu-tools-for-stm32.12.3.rel1.win32_1.0.100.202403111256/tools/bin/../lib/gcc/arm-none-eabi/12.3.1/../../../../arm-none-eabi/lib/thumb/v7e-m+fp/hard\libm.a(libm_a-s_log2.o)
                              ./Games/Game_2048.o (log2)
C:/ST/STM32CubeIDE_1.15.1/STM32CubeIDE/plugins/com.st.stm32cube.ide.mcu.externaltools.gnu-tools-for-stm32.12.3.rel1.win32_1.0.100.202403111256/tools/bin/../lib/gcc/arm-none-eabi/12.3.1/../../../../arm-none-eabi/lib/thumb/v7e-m+fp/hard\libm.a(libm_a-w_log.o)
                              C:/ST/STM32CubeIDE_1.15.1/STM32CubeIDE/plugins/com.st.stm32cube.ide.mcu.externaltools.gnu-tools-for-stm32.12.3.rel1.win32_1.0.100.202403111256/tools/bin/../lib/gcc/arm-none-eabi/12.3.1/../../../../arm-none-eabi/lib/thumb/v7e-m+fp/hard\libm.a(libm_a-s_log2.o) (log)
C:/ST/STM32CubeIDE_1.15.1/STM32CubeIDE/plugins/com.st.stm32cube.ide.mcu.externaltools.gnu-tools-for-stm32.12.3.rel1.win32_1.0.100.202403111256/tools/bin/../lib/gcc/arm-none-eabi/12.3.1/../../../../arm-none-eabi/lib/thumb/v7e-m+fp/hard\libm.a(libm_a-s_nan.o)
                              C:/ST/STM32CubeIDE_1.15.1/STM32CubeIDE/plugins/com.st.stm32cube.ide.mcu.externaltools.gnu-tools-for-stm32.12.3.rel1.win32_1.0.100.202403111256/tools/bin/../lib/gcc/arm-none-eabi/12.3.1/../../../../arm-none-eabi/lib/thumb/v7e-m+fp/hard\libm.a(libm_a-w_log.o) (nan)
C:/ST/STM32CubeIDE_1.15.1/STM32CubeIDE/plugins/com.st.stm32cube.ide.mcu.externaltools.gnu-tools-for-stm32.12.3.rel1.win32_1.0.100.202403111256/tools/bin/../lib/gcc/arm-none-eabi/12.3.1/../../../../arm-none-eabi/lib/thumb/v7e-m+fp/hard\libm.a(libm_a-e_log.o)
                              C:/ST/STM32CubeIDE_1.15.1/STM32CubeIDE/plugins/com.st.stm32cube.ide.mcu.externaltools.gnu-tools-for-stm32.12.3.rel1.win32_1.0.100.202403111256/tools/bin/../lib/gcc/arm-none-eabi/12.3.1/../../../../arm-none-eabi/lib/thumb/v7e-m+fp/hard\libm.a(libm_a-w_log.o) (__ieee754_log)
[...]
Memory Configuration

Name             Origin             Length             Attributes
CCMRAM           0x10000000         0x00002000         xrw
RAM              0x20000000         0x00008000         xrw
FLASH            0x08000000         0x00020000         xr
*default*        0x00000000         0xffffffff

Linker script and memory map

LOAD C:/ST/STM32CubeIDE_1.15.1/STM32CubeIDE/plugins/com.st.stm32cube.ide.mcu.externaltools.gnu-tools-for-stm32.12.3.rel1.win32_1.0.100.202403111256/tools/bin/../lib/gcc/arm-none-eabi/12.3.1/thumb/v7e-m+fp/hard/crti.o
LOAD C:/ST/STM32CubeIDE_1.15.1/STM32CubeIDE/plugins/com.st.stm32cube.ide.mcu.externaltools.gnu-tools-for-stm32.12.3.rel1.win32_1.0.100.202403111256/tools/bin/../lib/gcc/arm-none-eabi/12.3.1/thumb/v7e-m+fp/hard/crtbegin.o
LOAD C:/ST/STM32CubeIDE_1.15.1/STM32CubeIDE/plugins/com.st.stm32cube.ide.mcu.externaltools.gnu-tools-for-stm32.12.3.rel1.win32_1.0.100.202403111256/tools/bin/../lib/gcc/arm-none-eabi/12.3.1/../../../../arm-none-eabi/lib/thumb/v7e-m+fp/hard/crt0.o
LOAD ./Core/Src/7_seg_display_x4.o
LOAD ./Core/Src/main.o
LOAD ./Core/Src/stm32f3xx_hal_msp.o
LOAD ./Core/Src/stm32f3xx_it.o
LOAD ./Core/Src/syscalls.o
LOAD ./Core/Src/sysmem.o
LOAD ./Core/Src/system_stm32f3xx.o
LOAD ./Core/Startup/startup_stm32f303cbtx.o
LOAD ./Drivers/STM32F3xx_HAL_Driver/Src/stm32f3xx_hal.o
LOAD ./Drivers/STM32F3xx_HAL_Driver/Src/stm32f3xx_hal_cortex.o
LOAD ./Drivers/STM32F3xx_HAL_Driver/Src/stm32f3xx_hal_dma.o
LOAD ./Drivers/STM32F3xx_HAL_Driver/Src/stm32f3xx_hal_exti.o
LOAD ./Drivers/STM32F3xx_HAL_Driver/Src/stm32f3xx_hal_flash.o
LOAD ./Drivers/STM32F3xx_HAL_Driver/Src/stm32f3xx_hal_flash_ex.o
LOAD ./Drivers/STM32F3xx_HAL_Driver/Src/stm32f3xx_hal_gpio.o
LOAD ./Drivers/STM32F3xx_HAL_Driver/Src/stm32f3xx_hal_i2c.o
LOAD ./Drivers/STM32F3xx_HAL_Driver/Src/stm32f3xx_hal_i2c_ex.o
LOAD ./Drivers/STM32F3xx_HAL_Driver/Src/stm32f3xx_hal_pwr.o
LOAD ./Drivers/STM32F3xx_HAL_Driver/Src/stm32f3xx_hal_pwr_ex.o
LOAD ./Drivers/STM32F3xx_HAL_Driver/Src/stm32f3xx_hal_rcc.o
LOAD ./Drivers/STM32F3xx_HAL_Driver/Src/stm32f3xx_hal_rcc_ex.o
LOAD ./Drivers/STM32F3xx_HAL_Driver/Src/stm32f3xx_hal_tim.o
LOAD ./Drivers/STM32F3xx_HAL_Driver/Src/stm32f3xx_hal_tim_ex.o
LOAD ./Games/Game_2048.o
LOAD ./Games/Game_Neutron.o
START GROUP
LOAD C:/ST/STM32CubeIDE_1.15.1/STM32CubeIDE/plugins/com.st.stm32cube.ide.mcu.externaltools.gnu-tools-for-stm32.12.3.rel1.win32_1.0.100.202403111256/tools/bin/../lib/gcc/arm-none-eabi/12.3.1/../../../../arm-none-eabi/lib/thumb/v7e-m+fp/hard\libstdc++_nano.a
LOAD C:/ST/STM32CubeIDE_1.15.1/STM32CubeIDE/plugins/com.st.stm32cube.ide.mcu.externaltools.gnu-tools-for-stm32.12.3.rel1.win32_1.0.100.202403111256/tools/bin/../lib/gcc/arm-none-eabi/12.3.1/../../../../arm-none-eabi/lib/thumb/v7e-m+fp/hard\libsupc++_nano.a
END GROUP
LOAD C:/ST/STM32CubeIDE_1.15.1/STM32CubeIDE/plugins/com.st.stm32cube.ide.mcu.externaltools.gnu-tools-for-stm32.12.3.rel1.win32_1.0.100.202403111256/tools/bin/../lib/gcc/arm-none-eabi/12.3.1/../../../../arm-none-eabi/lib/thumb/v7e-m+fp/hard\libstdc++_nano.a
LOAD C:/ST/STM32CubeIDE_1.15.1/STM32CubeIDE/plugins/com.st.stm32cube.ide.mcu.externaltools.gnu-tools-for-stm32.12.3.rel1.win32_1.0.100.202403111256/tools/bin/../lib/gcc/arm-none-eabi/12.3.1/../../../../arm-none-eabi/lib/thumb/v7e-m+fp/hard\libm.a
LOAD C:/ST/STM32CubeIDE_1.15.1/STM32CubeIDE/plugins/com.st.stm32cube.ide.mcu.externaltools.gnu-tools-for-stm32.12.3.rel1.win32_1.0.100.202403111256/tools/bin/../lib/gcc/arm-none-eabi/12.3.1/../../../../arm-none-eabi/lib/thumb/v7e-m+fp/hard\libc_nano.a
START GROUP
LOAD C:/ST/STM32CubeIDE_1.15.1/STM32CubeIDE/plugins/com.st.stm32cube.ide.mcu.externaltools.gnu-tools-for-stm32.12.3.rel1.win32_1.0.100.202403111256/tools/bin/../lib/gcc/arm-none-eabi/12.3.1/thumb/v7e-m+fp/hard\libgcc.a
LOAD C:/ST/STM32CubeIDE_1.15.1/STM32CubeIDE/plugins/com.st.stm32cube.ide.mcu.externaltools.gnu-tools-for-stm32.12.3.rel1.win32_1.0.100.202403111256/tools/bin/../lib/gcc/arm-none-eabi/12.3.1/../../../../arm-none-eabi/lib/thumb/v7e-m+fp/hard\libc_nano.a
END GROUP
START GROUP
LOAD C:/ST/STM32CubeIDE_1.15.1/STM32CubeIDE/plugins/com.st.stm32cube.ide.mcu.externaltools.gnu-tools-for-stm32.12.3.rel1.win32_1.0.100.202403111256/tools/bin/../lib/gcc/arm-none-eabi/12.3.1/thumb/v7e-m+fp/hard\libgcc.a
LOAD C:/ST/STM32CubeIDE_1.15.1/STM32CubeIDE/plugins/com.st.stm32cube.ide.mcu.externaltools.gnu-tools-for-stm32.12.3.rel1.win32_1.0.100.202403111256/tools/bin/../lib/gcc/arm-none-eabi/12.3.1/../../../../arm-none-eabi/lib/thumb/v7e-m+fp/hard\libc_nano.a
LOAD C:/ST/STM32CubeIDE_1.15.1/STM32CubeIDE/plugins/com.st.stm32cube.ide.mcu.externaltools.gnu-tools-for-stm32.12.3.rel1.win32_1.0.100.202403111256/tools/bin/../lib/gcc/arm-none-eabi/12.3.1/../../../../arm-none-eabi/lib/thumb/v7e-m+fp/hard\libnosys.a
END GROUP
START GROUP
LOAD C:/ST/STM32CubeIDE_1.15.1/STM32CubeIDE/plugins/com.st.stm32cube.ide.mcu.externaltools.gnu-tools-for-stm32.12.3.rel1.win32_1.0.100.202403111256/tools/bin/../lib/gcc/arm-none-eabi/12.3.1/thumb/v7e-m+fp/hard\libgcc.a
LOAD C:/ST/STM32CubeIDE_1.15.1/STM32CubeIDE/plugins/com.st.stm32cube.ide.mcu.externaltools.gnu-tools-for-stm32.12.3.rel1.win32_1.0.100.202403111256/tools/bin/../lib/gcc/arm-none-eabi/12.3.1/../../../../arm-none-eabi/lib/thumb/v7e-m+fp/hard\libc_nano.a
LOAD C:/ST/STM32CubeIDE_1.15.1/STM32CubeIDE/plugins/com.st.stm32cube.ide.mcu.externaltools.gnu-tools-for-stm32.12.3.rel1.win32_1.0.100.202403111256/tools/bin/../lib/gcc/arm-none-eabi/12.3.1/../../../../arm-none-eabi/lib/thumb/v7e-m+fp/hard\libnosys.a
END GROUP
LOAD C:/ST/STM32CubeIDE_1.15.1/STM32CubeIDE/plugins/com.st.stm32cube.ide.mcu.externaltools.gnu-tools-for-stm32.12.3.rel1.win32_1.0.100.202403111256/tools/bin/../lib/gcc/arm-none-eabi/12.3.1/thumb/v7e-m+fp/hard/crtend.o
LOAD C:/ST/STM32CubeIDE_1.15.1/STM32CubeIDE/plugins/com.st.stm32cube.ide.mcu.externaltools.gnu-tools-for-stm32.12.3.rel1.win32_1.0.100.202403111256/tools/bin/../lib/gcc/arm-none-eabi/12.3.1/thumb/v7e-m+fp/hard/crtn.o
                0x20008000                        _estack = (ORIGIN (RAM) + LENGTH (RAM))
                0x00000200                        _Min_Heap_Size = 0x200
                0x00000400                        _Min_Stack_Size = 0x400

.isr_vector     0x08000000      0x188
                0x08000000                        . = ALIGN (0x4)
 *(.isr_vector)
 .isr_vector    0x08000000      0x188 ./Core/Startup/startup_stm32f303cbtx.o
                0x08000000                g_pfnVectors
                0x08000188                        . = ALIGN (0x4)

.text           0x08000190     0x69dc
                0x08000190                        . = ALIGN (0x4)
 *(.text)
 .text          0x08000190       0x40 C:/ST/STM32CubeIDE_1.15.1/STM32CubeIDE/plugins/com.st.stm32cube.ide.mcu.externaltools.gnu-tools-for-stm32.12.3.rel1.win32_1.0.100.202403111256/tools/bin/../lib/gcc/arm-none-eabi/12.3.1/thumb/v7e-m+fp/hard/crtbegin.o
 .text          0x080001d0       0xa0 C:/ST/STM32CubeIDE_1.15.1/STM32CubeIDE/plugins/com.st.stm32cube.ide.mcu.externaltools.gnu-tools-for-stm32.12.3.rel1.win32_1.0.100.202403111256/tools/bin/../lib/gcc/arm-none-eabi/12.3.1/../../../../arm-none-eabi/lib/thumb/v7e-m+fp/hard\libc_nano.a(libc_a-memchr.o)
                0x080001d0                memchr
 .text          0x08000270      0x378 C:/ST/STM32CubeIDE_1.15.1/STM32CubeIDE/plugins/com.st.stm32cube.ide.mcu.externaltools.gnu-tools-for-stm32.12.3.rel1.win32_1.0.100.202403111256/tools/bin/../lib/gcc/arm-none-eabi/12.3.1/thumb/v7e-m+fp/hard\libgcc.a(_arm_addsubdf3.o)
                0x08000270                __aeabi_drsub
                0x08000278                __aeabi_dsub
                0x08000278                __subdf3
                0x0800027c                __aeabi_dadd
                0x0800027c                __adddf3
                0x080004f4                __floatunsidf
                0x080004f4                __aeabi_ui2d
                0x08000514                __floatsidf
                0x08000514                __aeabi_i2d
                0x08000538                __aeabi_f2d
                0x08000538                __extendsfdf2
                0x0800057c                __floatundidf
                0x0800057c                __aeabi_ul2d
                0x0800058c                __floatdidf
                0x0800058c                __aeabi_l2d
 .text          0x080005e8      0x424 C:/ST/STM32CubeIDE_1.15.1/STM32CubeIDE/plugins/com.st.stm32cube.ide.mcu.externaltools.gnu-tools-for-stm32.12.3.rel1.win32_1.0.100.202403111256/tools/bin/../lib/gcc/arm-none-eabi/12.3.1/thumb/v7e-m+fp/hard\libgcc.a(_arm_muldivdf3.o)
                0x080005e8                __aeabi_dmul
                0x080005e8                __muldf3
                0x0800083c                __divdf3
                0x0800083c                __aeabi_ddiv
 .text          0x08000a0c      0x110 C:/ST/STM32CubeIDE_1.15.1/STM32CubeIDE/plugins/com.st.stm32cube.ide.mcu.externaltools.gnu-tools-for-stm32.12.3.rel1.win32_1.0.100.202403111256/tools/bin/../lib/gcc/arm-none-eabi/12.3.1/thumb/v7e-m+fp/hard\libgcc.a(_arm_cmpdf2.o)
                0x08000a0c                __gtdf2
                0x08000a0c                __gedf2
                0x08000a14                __ltdf2
                0x08000a14                __ledf2
                0x08000a1c                __nedf2
                0x08000a1c                __eqdf2
                0x08000a1c                __cmpdf2
                0x08000a98                __aeabi_cdrcmple
                0x08000aa8                __aeabi_cdcmpeq
                0x08000aa8                __aeabi_cdcmple
                0x08000ab8                __aeabi_dcmpeq
                0x08000acc                __aeabi_dcmplt
                0x08000ae0                __aeabi_dcmple
                0x08000af4                __aeabi_dcmpge
                0x08000b08                __aeabi_dcmpgt
 .text          0x08000b1c       0x2c C:/ST/STM32CubeIDE_1.15.1/STM32CubeIDE/plugins/com.st.stm32cube.ide.mcu.externaltools.gnu-tools-for-stm32.12.3.rel1.win32_1.0.100.202403111256/tools/bin/../lib/gcc/arm-none-eabi/12.3.1/thumb/v7e-m+fp/hard\libgcc.a(_arm_unorddf2.o)
                0x08000b1c                __unorddf2
                0x08000b1c                __aeabi_dcmpun
 .text          0x08000b48       0x40 C:/ST/STM32CubeIDE_1.15.1/STM32CubeIDE/plugins/com.st.stm32cube.ide.mcu.externaltools.gnu-tools-for-stm32.12.3.rel1.win32_1.0.100.202403111256/tools/bin/../lib/gcc/arm-none-eabi/12.3.1/thumb/v7e-m+fp/hard\libgcc.a(_arm_fixunsdfsi.o)
                0x08000b48                __aeabi_d2uiz
                0x08000b48                __fixunsdfsi
 *(.text*)
 .text.main     0x08000b88      0x140 ./Core/Src/main.o
                0x08000b88                main
 .text._Z18SystemClock_Configv
                0x08000cc8       0xbe ./Core/Src/main.o
                0x08000cc8                SystemClock_Config()
 *fill*         0x08000d86        0x2 
 .text._ZL12MX_I2C1_Initv
                0x08000d88       0x9c ./Core/Src/main.o
 .text._ZL12MX_GPIO_Initv
                0x08000e24      0x128 ./Core/Src/main.o
 .text.TLC_init
                0x08000f4c       0x48 ./Core/Src/main.o
                0x08000f4c                TLC_init
 .text.row_off  0x08000f94       0x38 ./Core/Src/main.o
                0x08000f94                row_off
 .text.row_on   0x08000fcc       0x38 ./Core/Src/main.o
                0x08000fcc                row_on
 .text.LED_heartbeat
                0x08001004       0x40 ./Core/Src/main.o
                0x08001004                LED_heartbeat
 .text.set_LEDs
                0x08001044       0x2c ./Core/Src/main.o
                0x08001044                set_LEDs
 .text.set_grid
                0x08001070       0xc0 ./Core/Src/main.o
                0x08001070                set_grid
 .text.solid_colour_grid
                0x08001130       0x36 ./Core/Src/main.o
                0x08001130                solid_colour_grid
 *fill*         0x08001166        0x2 
 .text.display  0x08001168       0x7c ./Core/Src/main.o
                0x08001168                display
 .text.update_button_states
                0x080011e4       0x78 ./Core/Src/main.o
                0x080011e4                update_button_states
 .text.query_button_change
                0x0800125c       0x58 ./Core/Src/main.o
                0x0800125c                query_button_change
 .text.disable_mux5
                0x080012b4       0x18 ./Core/Src/main.o
                0x080012b4                disable_mux5
 .text.Error_Handler
                0x080012cc        0xc ./Core/Src/main.o
                0x080012cc                Error_Handler
 .text.HAL_MspInit
                0x080012d8       0x48 ./Core/Src/stm32f3xx_hal_msp.o
                0x080012d8                HAL_MspInit
 .text.HAL_I2C_MspInit
                0x08001320       0x88 ./Core/Src/stm32f3xx_hal_msp.o
                0x08001320                HAL_I2C_MspInit
 .text.NMI_Handler
                0x080013a8        0x8 ./Core/Src/stm32f3xx_it.o
                0x080013a8                NMI_Handler
 .text.HardFault_Handler
                0x080013b0        0x8 ./Core/Src/stm32f3xx_it.o
                0x080013b0                HardFault_Handler
 .text.MemManage_Handler
                0x080013b8        0x8 ./Core/Src/stm32f3xx_it.o
                0x080013b8                MemManage_Handler
 .text.BusFault_Handler
                0x080013c0        0x8 ./Core/Src/stm32f3xx_it.o
                0x080013c0                BusFault_Handler
 .text.UsageFault_Handler
                0x080013c8        0x8 ./Core/Src/stm32f3xx_it.o
                0x080013c8                UsageFault_Handler
 .text.SVC_Handler
                0x080013d0        0xe ./Core/Src/stm32f3xx_it.o
                0x080013d0                SVC_Handler
 .text.DebugMon_Handler
                0x080013de        0xe ./Core/Src/stm32f3xx_it.o
                0x080013de                DebugMon_Handler
 .text.PendSV_Handler
                0x080013ec        0xe ./Core/Src/stm32f3xx_it.o
                0x080013ec                PendSV_Handler
 .text.SysTick_Handler
                0x080013fa        0xc ./Core/Src/stm32f3xx_it.o
                0x080013fa                SysTick_Handler
 .text._getpid  0x08001406       0x10 ./Core/Src/syscalls.o
                0x08001406                _getpid
 .text._kill    0x08001416       0x20 ./Core/Src/syscalls.o
                0x08001416                _kill
 .text._exit    0x08001436       0x16 ./Core/Src/syscalls.o
                0x08001436                _exit
 .text._read    0x0800144c       0x3a ./Core/Src/syscalls.o
                0x0800144c                _read
 .text._write   0x08001486       0x38 ./Core/Src/syscalls.o
                0x08001486                _write
 .text._close   0x080014be       0x18 ./Core/Src/syscalls.o
                0x080014be                _close
 .text._fstat   0x080014d6       0x20 ./Core/Src/syscalls.o
                0x080014d6                _fstat
 .text._isatty  0x080014f6       0x16 ./Core/Src/syscalls.o
                0x080014f6                _isatty
 .text._lseek   0x0800150c       0x1a ./Core/Src/syscalls.o
                0x0800150c                _lseek
 *fill*         0x08001526        0x2 
 .text._sbrk    0x08001528       0x6c ./Core/Src/sysmem.o
                0x08001528                _sbrk
 .text.SystemInit
                0x08001594       0x24 ./Core/Src/system_stm32f3xx.o
                0x08001594                SystemInit
 .text.Reset_Handler
                0x080015b8       0x50 ./Core/Startup/startup_stm32f303cbtx.o
                0x080015b8                Reset_Handler
 .text.Default_Handler
                0x08001608        0x2 ./Core/Startup/startup_stm32f303cbtx.o
                0x08001608                RTC_Alarm_IRQHandler
                0x08001608                TIM8_TRG_COM_IRQHandler
                0x08001608                TIM8_CC_IRQHandler
                0x08001608                TIM1_CC_IRQHandler
                0x08001608                USB_HP_IRQHandler
                0x08001608                PVD_IRQHandler
                0x08001608                TAMP_STAMP_IRQHandler
                0x08001608                EXTI3_IRQHandler
                0x08001608                USB_HP_CAN_TX_IRQHandler
                0x08001608                EXTI0_IRQHandler
                0x08001608                I2C2_EV_IRQHandler
                0x08001608                FPU_IRQHandler
                0x08001608                TIM1_UP_TIM16_IRQHandler
                0x08001608                ADC1_2_IRQHandler
                0x08001608                SPI1_IRQHandler
                0x08001608                CAN_SCE_IRQHandler
                0x08001608                TIM6_DAC_IRQHandler
                0x08001608                TIM8_UP_IRQHandler
                0x08001608                DMA2_Channel2_IRQHandler
                0x08001608                DMA1_Channel4_IRQHandler
                0x08001608                USART3_IRQHandler
                0x08001608                DMA1_Channel7_IRQHandler
                0x08001608                UART5_IRQHandler
                0x08001608                ADC3_IRQHandler
                0x08001608                TIM4_IRQHandler
                0x08001608                CAN_RX1_IRQHandler
                0x08001608                DMA2_Channel1_IRQHandler
                0x08001608                I2C1_EV_IRQHandler
                0x08001608                DMA1_Channel6_IRQHandler
                0x08001608                UART4_IRQHandler
                0x08001608                DMA2_Channel4_IRQHandler
                0x08001608                TIM3_IRQHandler
                0x08001608                RCC_IRQHandler
                0x08001608                DMA1_Channel1_IRQHandler
                0x08001608                Default_Handler
                0x08001608                USBWakeUp_RMP_IRQHandler
                0x08001608                EXTI15_10_IRQHandler
                0x08001608                TIM7_IRQHandler
                0x08001608                EXTI9_5_IRQHandler
                0x08001608                RTC_WKUP_IRQHandler
                0x08001608                SPI2_IRQHandler
                0x08001608                USB_LP_CAN_RX0_IRQHandler
                0x08001608                DMA2_Channel5_IRQHandler
                0x08001608                DMA1_Channel5_IRQHandler
                0x08001608                USB_LP_IRQHandler
                0x08001608                EXTI4_IRQHandler
                0x08001608                TIM1_TRG_COM_TIM17_IRQHandler
                0x08001608                DMA1_Channel3_IRQHandler
                0x08001608                ADC4_IRQHandler
                0x08001608                WWDG_IRQHandler
                0x08001608                TIM2_IRQHandler
                0x08001608                COMP7_IRQHandler
                0x08001608                COMP1_2_3_IRQHandler
                0x08001608                EXTI1_IRQHandler
                0x08001608                USART2_IRQHandler
                0x08001608                COMP4_5_6_IRQHandler
                0x08001608                I2C2_ER_IRQHandler
                0x08001608                DMA1_Channel2_IRQHandler
                0x08001608                TIM8_BRK_IRQHandler
                0x08001608                FLASH_IRQHandler
                0x08001608                USART1_IRQHandler
                0x08001608                SPI3_IRQHandler
                0x08001608                I2C1_ER_IRQHandler
                0x08001608                USBWakeUp_IRQHandler
                0x08001608                DMA2_Channel3_IRQHandler
                0x08001608                EXTI2_TSC_IRQHandler
                0x08001608                TIM1_BRK_TIM15_IRQHandler
 *fill*         0x0800160a        0x2 
 .text.HAL_Init
                0x0800160c       0x2c ./Drivers/STM32F3xx_HAL_Driver/Src/stm32f3xx_hal.o
                0x0800160c                HAL_Init
 .text.HAL_InitTick
                0x08001638       0x60 ./Drivers/STM32F3xx_HAL_Driver/Src/stm32f3xx_hal.o
                0x08001638                HAL_InitTick
 .text.HAL_IncTick
                0x08001698       0x28 ./Drivers/STM32F3xx_HAL_Driver/Src/stm32f3xx_hal.o
                0x08001698                HAL_IncTick
 .text.HAL_GetTick
                0x080016c0       0x18 ./Drivers/STM32F3xx_HAL_Driver/Src/stm32f3xx_hal.o
                0x080016c0                HAL_GetTick
 .text.__NVIC_SetPriorityGrouping
                0x080016d8       0x48 ./Drivers/STM32F3xx_HAL_Driver/Src/stm32f3xx_hal_cortex.o
 .text.__NVIC_GetPriorityGrouping
                0x08001720       0x1c ./Drivers/STM32F3xx_HAL_Driver/Src/stm32f3xx_hal_cortex.o
 .text.__NVIC_SetPriority
                0x0800173c       0x54 ./Drivers/STM32F3xx_HAL_Driver/Src/stm32f3xx_hal_cortex.o
 .text.NVIC_EncodePriority
                0x08001790       0x66 ./Drivers/STM32F3xx_HAL_Driver/Src/stm32f3xx_hal_cortex.o
 *fill*         0x080017f6        0x2 
 .text.SysTick_Config
                0x080017f8       0x44 ./Drivers/STM32F3xx_HAL_Driver/Src/stm32f3xx_hal_cortex.o
 .text.HAL_NVIC_SetPriorityGrouping
                0x0800183c       0x16 ./Drivers/STM32F3xx_HAL_Driver/Src/stm32f3xx_hal_cortex.o
                0x0800183c                HAL_NVIC_SetPriorityGrouping
 .text.HAL_NVIC_SetPriority
                0x08001852       0x38 ./Drivers/STM32F3xx_HAL_Driver/Src/stm32f3xx_hal_cortex.o
                0x08001852                HAL_NVIC_SetPriority
 .text.HAL_SYSTICK_Config
                0x0800188a       0x18 ./Drivers/STM32F3xx_HAL_Driver/Src/stm32f3xx_hal_cortex.o
                0x0800188a                HAL_SYSTICK_Config
 *fill*         0x080018a2        0x2 
 .text.HAL_GPIO_Init
                0x080018a4      0x2f4 ./Drivers/STM32F3xx_HAL_Driver/Src/stm32f3xx_hal_gpio.o
                0x080018a4                HAL_GPIO_Init
 .text.HAL_GPIO_ReadPin
                0x08001b98       0x30 ./Drivers/STM32F3xx_HAL_Driver/Src/stm32f3xx_hal_gpio.o
                0x08001b98                HAL_GPIO_ReadPin
 .text.HAL_GPIO_WritePin
                0x08001bc8       0x30 ./Drivers/STM32F3xx_HAL_Driver/Src/stm32f3xx_hal_gpio.o
                0x08001bc8                HAL_GPIO_WritePin
 .text.HAL_I2C_Init
                0x08001bf8      0x136 ./Drivers/STM32F3xx_HAL_Driver/Src/stm32f3xx_hal_i2c.o
                0x08001bf8                HAL_I2C_Init
 *fill*         0x08001d2e        0x2 
 .text.HAL_I2C_Master_Transmit
                0x08001d30      0x230 ./Drivers/STM32F3xx_HAL_Driver/Src/stm32f3xx_hal_i2c.o
                0x08001d30                HAL_I2C_Master_Transmit
 .text.I2C_Flush_TXDR
                0x08001f60       0x48 ./Drivers/STM32F3xx_HAL_Driver/Src/stm32f3xx_hal_i2c.o
 .text.I2C_WaitOnFlagUntilTimeout
                0x08001fa8       0xb2 ./Drivers/STM32F3xx_HAL_Driver/Src/stm32f3xx_hal_i2c.o
 .text.I2C_WaitOnTXISFlagUntilTimeout
                0x0800205a       0x8e ./Drivers/STM32F3xx_HAL_Driver/Src/stm32f3xx_hal_i2c.o
 .text.I2C_WaitOnSTOPFlagUntilTimeout
                0x080020e8       0x86 ./Drivers/STM32F3xx_HAL_Driver/Src/stm32f3xx_hal_i2c.o
 *fill*         0x0800216e        0x2 
 .text.I2C_IsErrorOccurred
                0x08002170      0x1c0 ./Drivers/STM32F3xx_HAL_Driver/Src/stm32f3xx_hal_i2c.o
 .text.I2C_TransferConfig
                0x08002330       0x64 ./Drivers/STM32F3xx_HAL_Driver/Src/stm32f3xx_hal_i2c.o
 .text.HAL_I2CEx_ConfigAnalogFilter
                0x08002394       0x96 ./Drivers/STM32F3xx_HAL_Driver/Src/stm32f3xx_hal_i2c_ex.o
                0x08002394                HAL_I2CEx_ConfigAnalogFilter
 .text.HAL_I2CEx_ConfigDigitalFilter
                0x0800242a       0x98 ./Drivers/STM32F3xx_HAL_Driver/Src/stm32f3xx_hal_i2c_ex.o
                0x0800242a                HAL_I2CEx_ConfigDigitalFilter
 *fill*         0x080024c2        0x2 
 .text.HAL_RCC_OscConfig
                0x080024c4     0x107c ./Drivers/STM32F3xx_HAL_Driver/Src/stm32f3xx_hal_rcc.o
                0x080024c4                HAL_RCC_OscConfig
 .text.HAL_RCC_ClockConfig
                0x08003540      0x2f8 ./Drivers/STM32F3xx_HAL_Driver/Src/stm32f3xx_hal_rcc.o
                0x08003540                HAL_RCC_ClockConfig
 .text.HAL_RCC_GetSysClockFreq
                0x08003838       0xa8 ./Drivers/STM32F3xx_HAL_Driver/Src/stm32f3xx_hal_rcc.o
                0x08003838                HAL_RCC_GetSysClockFreq
 .text.HAL_RCCEx_PeriphCLKConfig
                0x080038e0      0x360 ./Drivers/STM32F3xx_HAL_Driver/Src/stm32f3xx_hal_rcc_ex.o
                0x080038e0                HAL_RCCEx_PeriphCLKConfig
 .text._ZnwjPv  0x08003c40       0x18 ./Games/Game_2048.o
                0x08003c40                operator new(unsigned int, void*)
 .text._ZSt16__deque_buf_sizej
                0x08003c58       0x2a ./Games/Game_2048.o
                0x08003c58                std::__deque_buf_size(unsigned int)
 .text._ZN9Game_2048C2Ehh
                0x08003c82       0x58 ./Games/Game_2048.o
                0x08003c82                Game_2048::Game_2048(unsigned char, unsigned char)
                0x08003c82                Game_2048::Game_2048(unsigned char, unsigned char)
 .text._ZN9Game_20487vacancyEv
                0x08003cda       0x4a ./Games/Game_2048.o
                0x08003cda                Game_2048::vacancy()
 .text._ZN9Game_20484moveEhPPh
                0x08003d24      0x472 ./Games/Game_2048.o
                0x08003d24                Game_2048::move(unsigned char, unsigned char**)
 .text._ZNSt5stackIiSt5dequeIiSaIiEEED2Ev
                0x08004196       0x1a ./Games/Game_2048.o
                0x08004196                std::stack<int, std::deque<int, std::allocator<int> > >::~stack()
                0x08004196                std::stack<int, std::deque<int, std::allocator<int> > >::~stack()
 .text._ZN9Game_204810shift_lineEPii
                0x080041b0      0x174 ./Games/Game_2048.o
                0x080041b0                Game_2048::shift_line(int*, int)
 .text._ZN9Game_20489has_movesEv
                0x08004324       0xea ./Games/Game_2048.o
                0x08004324                Game_2048::has_moves()
 .text._ZN9Game_20488populateEm
                0x0800440e       0xf2 ./Games/Game_2048.o
                0x0800440e                Game_2048::populate(unsigned long)
 .text._ZN9Game_204810clear_gridEv
                0x08004500       0x44 ./Games/Game_2048.o
                0x08004500                Game_2048::clear_grid()
 .text._ZN9Game_204810get_colourEi
                0x08004544       0x54 ./Games/Game_2048.o
                0x08004544                Game_2048::get_colour(int)
 .text._ZN9Game_204811update_gridEPh
                0x08004598       0x8c ./Games/Game_2048.o
                0x08004598                Game_2048::update_grid(unsigned char*)
 .text._ZN9Game_20489main_2048EPPhS0_
                0x08004624      0x12e ./Games/Game_2048.o
                0x08004624                Game_2048::main_2048(unsigned char**, unsigned char*)
 .text._ZNSt5dequeIiSaIiEEC2Ev
                0x08004752       0x1a ./Games/Game_2048.o
                0x08004752                std::deque<int, std::allocator<int> >::deque()
                0x08004752                std::deque<int, std::allocator<int> >::deque()
 .text._ZNSt5stackIiSt5dequeIiSaIiEEEC2IS2_vEEv
                0x0800476c       0x28 ./Games/Game_2048.o
                0x0800476c                std::stack<int, std::deque<int, std::allocator<int> > >::stack<std::deque<int, std::allocator<int> >, void>()
                0x0800476c                std::stack<int, std::deque<int, std::allocator<int> > >::stack<std::deque<int, std::allocator<int> >, void>()
 .text._ZNSt5dequeIiSaIiEED2Ev
                0x08004794       0x4a ./Games/Game_2048.o
                0x08004794                std::deque<int, std::allocator<int> >::~deque()
                0x08004794                std::deque<int, std::allocator<int> >::~deque()
 .text._ZNKSt5stackIiSt5dequeIiSaIiEEE5emptyEv
                0x080047de       0x1a ./Games/Game_2048.o
                0x080047de                std::stack<int, std::deque<int, std::allocator<int> > >::empty() const
 .text._ZNSt5stackIiSt5dequeIiSaIiEEE3topEv
                0x080047f8       0x1a ./Games/Game_2048.o
                0x080047f8                std::stack<int, std::deque<int, std::allocator<int> > >::top()
 .text._ZNSt5stackIiSt5dequeIiSaIiEEE4pushERKi
                0x08004812       0x1c ./Games/Game_2048.o
                0x08004812                std::stack<int, std::deque<int, std::allocator<int> > >::push(int const&)
 .text._ZNSt5stackIiSt5dequeIiSaIiEEE3popEv
                0x0800482e       0x18 ./Games/Game_2048.o
                0x0800482e                std::stack<int, std::deque<int, std::allocator<int> > >::pop()
 .text._ZSt4log2IiEN9__gnu_cxx11__enable_ifIXsrSt12__is_integerIT_E7__valueEdE6__typeES3_
                0x08004846       0x30 ./Games/Game_2048.o
                0x08004846                __gnu_cxx::__enable_if<std::__is_integer<int>::__value, double>::__type std::log2<int>(int)
 .text._ZNSt11_Deque_baseIiSaIiEE11_Deque_implD2Ev
                0x08004876       0x18 ./Games/Game_2048.o
                0x08004876                std::_Deque_base<int, std::allocator<int> >::_Deque_impl::~_Deque_impl()
                0x08004876                std::_Deque_base<int, std::allocator<int> >::_Deque_impl::~_Deque_impl()
 .text._ZNSt11_Deque_baseIiSaIiEEC2Ev
                0x0800488e       0x22 ./Games/Game_2048.o
                0x0800488e                std::_Deque_base<int, std::allocator<int> >::_Deque_base()
                0x0800488e                std::_Deque_base<int, std::allocator<int> >::_Deque_base()
 .text._ZNSt11_Deque_baseIiSaIiEED2Ev
                0x080048b0       0x44 ./Games/Game_2048.o
                0x080048b0                std::_Deque_base<int, std::allocator<int> >::~_Deque_base()
                0x080048b0                std::_Deque_base<int, std::allocator<int> >::~_Deque_base()
 .text._ZNSt5dequeIiSaIiEE5beginEv
                0x080048f4       0x1e ./Games/Game_2048.o
                0x080048f4                std::deque<int, std::allocator<int> >::begin()
 .text._ZNSt5dequeIiSaIiEE3endEv
                0x08004912       0x1e ./Games/Game_2048.o
                0x08004912                std::deque<int, std::allocator<int> >::end()
 .text._ZNSt11_Deque_baseIiSaIiEE19_M_get_Tp_allocatorEv
                0x08004930       0x16 ./Games/Game_2048.o
                0x08004930                std::_Deque_base<int, std::allocator<int> >::_M_get_Tp_allocator()
 .text._ZNSt15_Deque_iteratorIiRiPiEC2ERKS2_
                0x08004946       0x38 ./Games/Game_2048.o
                0x08004946                std::_Deque_iterator<int, int&, int*>::_Deque_iterator(std::_Deque_iterator<int, int&, int*> const&)
                0x08004946                std::_Deque_iterator<int, int&, int*>::_Deque_iterator(std::_Deque_iterator<int, int&, int*> const&)
 .text._ZNSt5dequeIiSaIiEE15_M_destroy_dataESt15_Deque_iteratorIiRiPiES5_RKS0_
                0x0800497e       0x1a ./Games/Game_2048.o
                0x0800497e                std::deque<int, std::allocator<int> >::_M_destroy_data(std::_Deque_iterator<int, int&, int*>, std::_Deque_iterator<int, int&, int*>, std::allocator<int> const&)
 .text._ZNKSt5dequeIiSaIiEE5emptyEv
                0x08004998       0x24 ./Games/Game_2048.o
                0x08004998                std::deque<int, std::allocator<int> >::empty() const
 .text._ZNSt5dequeIiSaIiEE4backEv
                0x080049bc       0x32 ./Games/Game_2048.o
                0x080049bc                std::deque<int, std::allocator<int> >::back()
 .text._ZNSt5dequeIiSaIiEE9push_backERKi
                0x080049ee       0x42 ./Games/Game_2048.o
                0x080049ee                std::deque<int, std::allocator<int> >::push_back(int const&)
 .text._ZNSt5dequeIiSaIiEE8pop_backEv
                0x08004a30       0x44 ./Games/Game_2048.o
                0x08004a30                std::deque<int, std::allocator<int> >::pop_back()
 .text._ZNSt11_Deque_baseIiSaIiEE11_Deque_implC2Ev
                0x08004a74       0x20 ./Games/Game_2048.o
                0x08004a74                std::_Deque_base<int, std::allocator<int> >::_Deque_impl::_Deque_impl()
                0x08004a74                std::_Deque_base<int, std::allocator<int> >::_Deque_impl::_Deque_impl()
 .text._ZNSaIiED2Ev
                0x08004a94       0x18 ./Games/Game_2048.o
                0x08004a94                std::allocator<int>::~allocator()
                0x08004a94                std::allocator<int>::~allocator()
 .text._ZNSt11_Deque_baseIiSaIiEE17_M_initialize_mapEj
                0x08004aac       0xc6 ./Games/Game_2048.o
                0x08004aac                std::_Deque_base<int, std::allocator<int> >::_M_initialize_map(unsigned int)
 .text._ZNSt11_Deque_baseIiSaIiEE16_M_destroy_nodesEPPiS3_
                0x08004b72       0x36 ./Games/Game_2048.o
                0x08004b72                std::_Deque_base<int, std::allocator<int> >::_M_destroy_nodes(int**, int**)
 .text._ZNSt11_Deque_baseIiSaIiEE17_M_deallocate_mapEPPij
                0x08004ba8       0x36 ./Games/Game_2048.o
                0x08004ba8                std::_Deque_base<int, std::allocator<int> >::_M_deallocate_map(int**, unsigned int)
 .text._ZSteqRKSt15_Deque_iteratorIiRiPiES4_
                0x08004bde       0x28 ./Games/Game_2048.o
                0x08004bde                std::operator==(std::_Deque_iterator<int, int&, int*> const&, std::_Deque_iterator<int, int&, int*> const&)
 .text._ZNSt15_Deque_iteratorIiRiPiEmmEv
                0x08004c06       0x3e ./Games/Game_2048.o
                0x08004c06                std::_Deque_iterator<int, int&, int*>::operator--()
 .text._ZNKSt15_Deque_iteratorIiRiPiEdeEv
                0x08004c44       0x18 ./Games/Game_2048.o
                0x08004c44                std::_Deque_iterator<int, int&, int*>::operator*() const
 .text._ZNSt16allocator_traitsISaIiEE9constructIiJRKiEEEvRS0_PT_DpOT0_
                0x08004c5c       0x26 ./Games/Game_2048.o
                0x08004c5c                void std::allocator_traits<std::allocator<int> >::construct<int, int const&>(std::allocator<int>&, int*, int const&)
 *fill*         0x08004c82        0x2 
 .text._ZNSt5dequeIiSaIiEE16_M_push_back_auxIJRKiEEEvDpOT_
                0x08004c84       0x88 ./Games/Game_2048.o
                0x08004c84                void std::deque<int, std::allocator<int> >::_M_push_back_aux<int const&>(int const&)
 .text._ZNSt16allocator_traitsISaIiEE7destroyIiEEvRS0_PT_
                0x08004d0c       0x1a ./Games/Game_2048.o
                0x08004d0c                void std::allocator_traits<std::allocator<int> >::destroy<int>(std::allocator<int>&, int*)
 .text._ZNSt5dequeIiSaIiEE15_M_pop_back_auxEv
                0x08004d26       0x52 ./Games/Game_2048.o
                0x08004d26                std::deque<int, std::allocator<int> >::_M_pop_back_aux()
 .text._ZNSaIiEC2Ev
                0x08004d78       0x18 ./Games/Game_2048.o
                0x08004d78                std::allocator<int>::allocator()
                0x08004d78                std::allocator<int>::allocator()
 .text._ZNSt11_Deque_baseIiSaIiEE16_Deque_impl_dataC2Ev
                0x08004d90       0x32 ./Games/Game_2048.o
                0x08004d90                std::_Deque_base<int, std::allocator<int> >::_Deque_impl_data::_Deque_impl_data()
                0x08004d90                std::_Deque_base<int, std::allocator<int> >::_Deque_impl_data::_Deque_impl_data()
 .text._ZNSt15__new_allocatorIiED2Ev
                0x08004dc2       0x16 ./Games/Game_2048.o
                0x08004dc2                std::__new_allocator<int>::~__new_allocator()
                0x08004dc2                std::__new_allocator<int>::~__new_allocator()
 .text._ZSt3maxIjERKT_S2_S2_
                0x08004dd8       0x28 ./Games/Game_2048.o
                0x08004dd8                unsigned int const& std::max<unsigned int>(unsigned int const&, unsigned int const&)
 .text._ZNSt11_Deque_baseIiSaIiEE15_M_allocate_mapEj
                0x08004e00       0x3a ./Games/Game_2048.o
                0x08004e00                std::_Deque_base<int, std::allocator<int> >::_M_allocate_map(unsigned int)
 .text._ZNSt11_Deque_baseIiSaIiEE15_M_create_nodesEPPiS3_
                0x08004e3a       0x36 ./Games/Game_2048.o
                0x08004e3a                std::_Deque_base<int, std::allocator<int> >::_M_create_nodes(int**, int**)
 .text._ZNSt15_Deque_iteratorIiRiPiE11_M_set_nodeEPS1_
                0x08004e70       0x32 ./Games/Game_2048.o
                0x08004e70                std::_Deque_iterator<int, int&, int*>::_M_set_node(int**)
 .text._ZNSt11_Deque_baseIiSaIiEE18_M_deallocate_nodeEPi
                0x08004ea2       0x26 ./Games/Game_2048.o
                0x08004ea2                std::_Deque_base<int, std::allocator<int> >::_M_deallocate_node(int*)
 .text._ZNKSt11_Deque_baseIiSaIiEE20_M_get_map_allocatorEv
                0x08004ec8       0x22 ./Games/Game_2048.o
                0x08004ec8                std::_Deque_base<int, std::allocator<int> >::_M_get_map_allocator() const
 .text._ZNSaIPiED2Ev
                0x08004eea       0x18 ./Games/Game_2048.o
                0x08004eea                std::allocator<int*>::~allocator()
                0x08004eea                std::allocator<int*>::~allocator()
 .text._ZNSt16allocator_traitsISaIPiEE10deallocateERS1_PS0_j
                0x08004f02       0x1e ./Games/Game_2048.o
                0x08004f02                std::allocator_traits<std::allocator<int*> >::deallocate(std::allocator<int*>&, int**, unsigned int)
 .text._ZSt7forwardIRKiEOT_RNSt16remove_referenceIS2_E4typeE
                0x08004f20       0x16 ./Games/Game_2048.o
                0x08004f20                int const& std::forward<int const&>(std::remove_reference<int const&>::type&)
 .text._ZNSt15__new_allocatorIiE9constructIiJRKiEEEvPT_DpOT0_
                0x08004f36       0x2c ./Games/Game_2048.o
                0x08004f36                void std::__new_allocator<int>::construct<int, int const&>(int*, int const&)
 .text._ZNKSt5dequeIiSaIiEE4sizeEv
                0x08004f62       0x24 ./Games/Game_2048.o
                0x08004f62                std::deque<int, std::allocator<int> >::size() const
 .text._ZNKSt5dequeIiSaIiEE8max_sizeEv
                0x08004f86       0x22 ./Games/Game_2048.o
                0x08004f86                std::deque<int, std::allocator<int> >::max_size() const
 .text._ZNSt5dequeIiSaIiEE22_M_reserve_map_at_backEj
                0x08004fa8       0x36 ./Games/Game_2048.o
                0x08004fa8                std::deque<int, std::allocator<int> >::_M_reserve_map_at_back(unsigned int)
 .text._ZNSt11_Deque_baseIiSaIiEE16_M_allocate_nodeEv
                0x08004fde       0x24 ./Games/Game_2048.o
                0x08004fde                std::_Deque_base<int, std::allocator<int> >::_M_allocate_node()
 .text._ZNSt15__new_allocatorIiE7destroyIiEEvPT_
                0x08005002       0x16 ./Games/Game_2048.o
                0x08005002                void std::__new_allocator<int>::destroy<int>(int*)
 .text._ZNSt15__new_allocatorIiEC2Ev
                0x08005018       0x16 ./Games/Game_2048.o
                0x08005018                std::__new_allocator<int>::__new_allocator()
                0x08005018                std::__new_allocator<int>::__new_allocator()
 .text._ZNSt15_Deque_iteratorIiRiPiEC2Ev
                0x0800502e       0x2e ./Games/Game_2048.o
                0x0800502e                std::_Deque_iterator<int, int&, int*>::_Deque_iterator()
                0x0800502e                std::_Deque_iterator<int, int&, int*>::_Deque_iterator()
 .text._ZNSt16allocator_traitsISaIPiEE8allocateERS1_j
                0x0800505c       0x1e ./Games/Game_2048.o
                0x0800505c                std::allocator_traits<std::allocator<int*> >::allocate(std::allocator<int*>&, unsigned int)
 .text._ZNSt15_Deque_iteratorIiRiPiE14_S_buffer_sizeEv
                0x0800507a       0x10 ./Games/Game_2048.o
                0x0800507a                std::_Deque_iterator<int, int&, int*>::_S_buffer_size()
 .text._ZNSt16allocator_traitsISaIiEE10deallocateERS0_Pij
                0x0800508a       0x1e ./Games/Game_2048.o
                0x0800508a                std::allocator_traits<std::allocator<int> >::deallocate(std::allocator<int>&, int*, unsigned int)
 .text._ZNKSt11_Deque_baseIiSaIiEE19_M_get_Tp_allocatorEv
                0x080050a8       0x16 ./Games/Game_2048.o
                0x080050a8                std::_Deque_base<int, std::allocator<int> >::_M_get_Tp_allocator() const
 .text._ZNSaIPiEC2IiEERKSaIT_E
                0x080050be       0x1a ./Games/Game_2048.o
                0x080050be                std::allocator<int*>::allocator<int>(std::allocator<int> const&)
                0x080050be                std::allocator<int*>::allocator<int>(std::allocator<int> const&)
 .text._ZNSt15__new_allocatorIPiED2Ev
                0x080050d8       0x16 ./Games/Game_2048.o
                0x080050d8                std::__new_allocator<int*>::~__new_allocator()
                0x080050d8                std::__new_allocator<int*>::~__new_allocator()
 .text._ZNSt15__new_allocatorIPiE10deallocateEPS0_j
                0x080050ee       0x20 ./Games/Game_2048.o
                0x080050ee                std::__new_allocator<int*>::deallocate(int**, unsigned int)
 .text._ZStmiRKSt15_Deque_iteratorIiRiPiES4_
                0x0800510e       0x58 ./Games/Game_2048.o
                0x0800510e                std::operator-(std::_Deque_iterator<int, int&, int*> const&, std::_Deque_iterator<int, int&, int*> const&)
 .text._ZNSt5dequeIiSaIiEE11_S_max_sizeERKS0_
                0x08005166       0x34 ./Games/Game_2048.o
                0x08005166                std::deque<int, std::allocator<int> >::_S_max_size(std::allocator<int> const&)
 .text._ZNSt5dequeIiSaIiEE17_M_reallocate_mapEjb
                0x0800519a      0x134 ./Games/Game_2048.o
                0x0800519a                std::deque<int, std::allocator<int> >::_M_reallocate_map(unsigned int, bool)
 .text._ZNSt16allocator_traitsISaIiEE8allocateERS0_j
                0x080052ce       0x1e ./Games/Game_2048.o
                0x080052ce                std::allocator_traits<std::allocator<int> >::allocate(std::allocator<int>&, unsigned int)
 .text._ZNSt15__new_allocatorIPiE8allocateEjPKv
                0x080052ec       0x52 ./Games/Game_2048.o
                0x080052ec                std::__new_allocator<int*>::allocate(unsigned int, void const*)
 .text._ZNSt15__new_allocatorIiE10deallocateEPij
                0x0800533e       0x20 ./Games/Game_2048.o
                0x0800533e                std::__new_allocator<int>::deallocate(int*, unsigned int)
 .text._ZNSt15__new_allocatorIPiEC2Ev
                0x0800535e       0x16 ./Games/Game_2048.o
                0x0800535e                std::__new_allocator<int*>::__new_allocator()
                0x0800535e                std::__new_allocator<int*>::__new_allocator()
 .text._ZNSt16allocator_traitsISaIiEE8max_sizeERKS0_
                0x08005374       0x18 ./Games/Game_2048.o
                0x08005374                std::allocator_traits<std::allocator<int> >::max_size(std::allocator<int> const&)
 .text._ZSt3minIjERKT_S2_S2_
                0x0800538c       0x28 ./Games/Game_2048.o
                0x0800538c                unsigned int const& std::min<unsigned int>(unsigned int const&, unsigned int const&)
 .text._ZSt4copyIPPiS1_ET0_T_S3_S2_
                0x080053b4       0x30 ./Games/Game_2048.o
                0x080053b4                int** std::copy<int**, int**>(int**, int**, int**)
 .text._ZSt13copy_backwardIPPiS1_ET0_T_S3_S2_
                0x080053e4       0x30 ./Games/Game_2048.o
                0x080053e4                int** std::copy_backward<int**, int**>(int**, int**, int**)
 .text._ZNSt15__new_allocatorIiE8allocateEjPKv
                0x08005414       0x52 ./Games/Game_2048.o
                0x08005414                std::__new_allocator<int>::allocate(unsigned int, void const*)
 .text._ZNKSt15__new_allocatorIPiE11_M_max_sizeEv
                0x08005466       0x18 ./Games/Game_2048.o
                0x08005466                std::__new_allocator<int*>::_M_max_size() const
 .text._ZNKSt15__new_allocatorIiE8max_sizeEv
                0x0800547e       0x18 ./Games/Game_2048.o
                0x0800547e                std::__new_allocator<int>::max_size() const
 .text._ZSt12__miter_baseIPPiET_S2_
                0x08005496       0x16 ./Games/Game_2048.o
                0x08005496                int** std::__miter_base<int**>(int**)
 .text._ZSt13__copy_move_aILb0EPPiS1_ET1_T0_S3_S2_
                0x080054ac       0x46 ./Games/Game_2048.o
                0x080054ac                int** std::__copy_move_a<false, int**, int**>(int**, int**, int**)
 .text._ZSt22__copy_move_backward_aILb0EPPiS1_ET1_T0_S3_S2_
                0x080054f2       0x46 ./Games/Game_2048.o
                0x080054f2                int** std::__copy_move_backward_a<false, int**, int**>(int**, int**, int**)
 .text._ZNKSt15__new_allocatorIiE11_M_max_sizeEv
                0x08005538       0x18 ./Games/Game_2048.o
                0x08005538                std::__new_allocator<int>::_M_max_size() const
 .text._ZSt12__niter_baseIPPiET_S2_
                0x08005550       0x16 ./Games/Game_2048.o
                0x08005550                int** std::__niter_base<int**>(int**)
 .text._ZSt14__copy_move_a1ILb0EPPiS1_ET1_T0_S3_S2_
                0x08005566       0x20 ./Games/Game_2048.o
                0x08005566                int** std::__copy_move_a1<false, int**, int**>(int**, int**, int**)
 .text._ZSt12__niter_wrapIPPiET_RKS2_S2_
                0x08005586       0x18 ./Games/Game_2048.o
                0x08005586                int** std::__niter_wrap<int**>(int** const&, int**)
 .text._ZSt23__copy_move_backward_a1ILb0EPPiS1_ET1_T0_S3_S2_
                0x0800559e       0x20 ./Games/Game_2048.o
                0x0800559e                int** std::__copy_move_backward_a1<false, int**, int**>(int**, int**, int**)
 .text._ZSt14__copy_move_a2ILb0EPPiS1_ET1_T0_S3_S2_
                0x080055be       0x20 ./Games/Game_2048.o
                0x080055be                int** std::__copy_move_a2<false, int**, int**>(int**, int**, int**)
 .text._ZSt23__copy_move_backward_a2ILb0EPPiS1_ET1_T0_S3_S2_
                0x080055de       0x20 ./Games/Game_2048.o
                0x080055de                int** std::__copy_move_backward_a2<false, int**, int**>(int**, int**, int**)
 .text._ZNSt11__copy_moveILb0ELb1ESt26random_access_iterator_tagE8__copy_mIPiEEPT_PKS4_S7_S5_
                0x080055fe       0x3a ./Games/Game_2048.o
                0x080055fe                int** std::__copy_move<false, true, std::random_access_iterator_tag>::__copy_m<int*>(int* const*, int* const*, int**)
 .text._ZNSt20__copy_move_backwardILb0ELb1ESt26random_access_iterator_tagE13__copy_move_bIPiEEPT_PKS4_S7_S5_
                0x08005638       0x44 ./Games/Game_2048.o
                0x08005638                int** std::__copy_move_backward<false, true, std::random_access_iterator_tag>::__copy_move_b<int*>(int* const*, int* const*, int**)
 .text._ZdlPvj  0x0800567c        0x4 C:/ST/STM32CubeIDE_1.15.1/STM32CubeIDE/plugins/com.st.stm32cube.ide.mcu.externaltools.gnu-tools-for-stm32.12.3.rel1.win32_1.0.100.202403111256/tools/bin/../lib/gcc/arm-none-eabi/12.3.1/../../../../arm-none-eabi/lib/thumb/v7e-m+fp/hard\libstdc++_nano.a(del_ops.o)
                0x0800567c                operator delete(void*, unsigned int)
 .text._ZdaPv   0x08005680        0x4 C:/ST/STM32CubeIDE_1.15.1/STM32CubeIDE/plugins/com.st.stm32cube.ide.mcu.externaltools.gnu-tools-for-stm32.12.3.rel1.win32_1.0.100.202403111256/tools/bin/../lib/gcc/arm-none-eabi/12.3.1/../../../../arm-none-eabi/lib/thumb/v7e-m+fp/hard\libstdc++_nano.a(del_opv.o)
                0x08005680                operator delete[](void*)
 .text._Znwj    0x08005684       0x22 C:/ST/STM32CubeIDE_1.15.1/STM32CubeIDE/plugins/com.st.stm32cube.ide.mcu.externaltools.gnu-tools-for-stm32.12.3.rel1.win32_1.0.100.202403111256/tools/bin/../lib/gcc/arm-none-eabi/12.3.1/../../../../arm-none-eabi/lib/thumb/v7e-m+fp/hard\libstdc++_nano.a(new_op.o)
                0x08005684                operator new(unsigned int)
 .text._Znaj    0x080056a6        0x4 C:/ST/STM32CubeIDE_1.15.1/STM32CubeIDE/plugins/com.st.stm32cube.ide.mcu.externaltools.gnu-tools-for-stm32.12.3.rel1.win32_1.0.100.202403111256/tools/bin/../lib/gcc/arm-none-eabi/12.3.1/../../../../arm-none-eabi/lib/thumb/v7e-m+fp/hard\libstdc++_nano.a(new_opv.o)
                0x080056a6                operator new[](unsigned int)
 .text.unlikely._ZSt17__throw_bad_allocv
                0x080056aa        0x6 C:/ST/STM32CubeIDE_1.15.1/STM32CubeIDE/plugins/com.st.stm32cube.ide.mcu.externaltools.gnu-tools-for-stm32.12.3.rel1.win32_1.0.100.202403111256/tools/bin/../lib/gcc/arm-none-eabi/12.3.1/../../../../arm-none-eabi/lib/thumb/v7e-m+fp/hard\libstdc++_nano.a(functexcept.o)
                0x080056aa                std::__throw_bad_alloc()
 .text.unlikely._ZSt28__throw_bad_array_new_lengthv
                0x080056b0        0x6 C:/ST/STM32CubeIDE_1.15.1/STM32CubeIDE/plugins/com.st.stm32cube.ide.mcu.externaltools.gnu-tools-for-stm32.12.3.rel1.win32_1.0.100.202403111256/tools/bin/../lib/gcc/arm-none-eabi/12.3.1/../../../../arm-none-eabi/lib/thumb/v7e-m+fp/hard\libstdc++_nano.a(functexcept.o)
                0x080056b0                std::__throw_bad_array_new_length()
 .text.unlikely._ZSt20__throw_length_errorPKc
                0x080056b6        0x6 C:/ST/STM32CubeIDE_1.15.1/STM32CubeIDE/plugins/com.st.stm32cube.ide.mcu.externaltools.gnu-tools-for-stm32.12.3.rel1.win32_1.0.100.202403111256/tools/bin/../lib/gcc/arm-none-eabi/12.3.1/../../../../arm-none-eabi/lib/thumb/v7e-m+fp/hard\libstdc++_nano.a(functexcept.o)
                0x080056b6                std::__throw_length_error(char const*)
 .text._ZdlPv   0x080056bc        0x4 C:/ST/STM32CubeIDE_1.15.1/STM32CubeIDE/plugins/com.st.stm32cube.ide.mcu.externaltools.gnu-tools-for-stm32.12.3.rel1.win32_1.0.100.202403111256/tools/bin/../lib/gcc/arm-none-eabi/12.3.1/../../../../arm-none-eabi/lib/thumb/v7e-m+fp/hard\libstdc++_nano.a(del_op.o)
                0x080056bc                operator delete(void*)
 .text._ZSt15get_new_handlerv
                0x080056c0       0x10 C:/ST/STM32CubeIDE_1.15.1/STM32CubeIDE/plugins/com.st.stm32cube.ide.mcu.externaltools.gnu-tools-for-stm32.12.3.rel1.win32_1.0.100.202403111256/tools/bin/../lib/gcc/arm-none-eabi/12.3.1/../../../../arm-none-eabi/lib/thumb/v7e-m+fp/hard\libstdc++_nano.a(new_handler.o)
                0x080056c0                std::get_new_handler()
 .text.log2     0x080056d0       0x28 C:/ST/STM32CubeIDE_1.15.1/STM32CubeIDE/plugins/com.st.stm32cube.ide.mcu.externaltools.gnu-tools-for-stm32.12.3.rel1.win32_1.0.100.202403111256/tools/bin/../lib/gcc/arm-none-eabi/12.3.1/../../../../arm-none-eabi/lib/thumb/v7e-m+fp/hard\libm.a(libm_a-s_log2.o)
                0x080056d0                log2
 .text.log      0x080056f8       0x7c C:/ST/STM32CubeIDE_1.15.1/STM32CubeIDE/plugins/com.st.stm32cube.ide.mcu.externaltools.gnu-tools-for-stm32.12.3.rel1.win32_1.0.100.202403111256/tools/bin/../lib/gcc/arm-none-eabi/12.3.1/../../../../arm-none-eabi/lib/thumb/v7e-m+fp/hard\libm.a(libm_a-w_log.o)
                0x080056f8                log
 *fill*         0x08005774        0x4 
 .text.nan      0x08005778       0x10 C:/ST/STM32CubeIDE_1.15.1/STM32CubeIDE/plugins/com.st.stm32cube.ide.mcu.externaltools.gnu-tools-for-stm32.12.3.rel1.win32_1.0.100.202403111256/tools/bin/../lib/gcc/arm-none-eabi/12.3.1/../../../../arm-none-eabi/lib/thumb/v7e-m+fp/hard\libm.a(libm_a-s_nan.o)
                0x08005778                nan
 .text.__ieee754_log
                0x08005788      0x36c C:/ST/STM32CubeIDE_1.15.1/STM32CubeIDE/plugins/com.st.stm32cube.ide.mcu.externaltools.gnu-tools-for-stm32.12.3.rel1.win32_1.0.100.202403111256/tools/bin/../lib/gcc/arm-none-eabi/12.3.1/../../../../arm-none-eabi/lib/thumb/v7e-m+fp/hard\libm.a(libm_a-e_log.o)
                0x08005788                __ieee754_log
 .text.abort    0x08005af4        0xe C:/ST/STM32CubeIDE_1.15.1/STM32CubeIDE/plugins/com.st.stm32cube.ide.mcu.externaltools.gnu-tools-for-stm32.12.3.rel1.win32_1.0.100.202403111256/tools/bin/../lib/gcc/arm-none-eabi/12.3.1/../../../../arm-none-eabi/lib/thumb/v7e-m+fp/hard\libc_nano.a(libc_a-abort.o)
                0x08005af4                abort
 *fill*         0x08005b02        0x2 
 .text.malloc   0x08005b04       0x10 C:/ST/STM32CubeIDE_1.15.1/STM32CubeIDE/plugins/com.st.stm32cube.ide.mcu.externaltools.gnu-tools-for-stm32.12.3.rel1.win32_1.0.100.202403111256/tools/bin/../lib/gcc/arm-none-eabi/12.3.1/../../../../arm-none-eabi/lib/thumb/v7e-m+fp/hard\libc_nano.a(libc_a-malloc.o)
                0x08005b04                malloc
 .text.free     0x08005b14       0x10 C:/ST/STM32CubeIDE_1.15.1/STM32CubeIDE/plugins/com.st.stm32cube.ide.mcu.externaltools.gnu-tools-for-stm32.12.3.rel1.win32_1.0.100.202403111256/tools/bin/../lib/gcc/arm-none-eabi/12.3.1/../../../../arm-none-eabi/lib/thumb/v7e-m+fp/hard\libc_nano.a(libc_a-malloc.o)
                0x08005b14                free
 .text.sbrk_aligned
                0x08005b24       0x44 C:/ST/STM32CubeIDE_1.15.1/STM32CubeIDE/plugins/com.st.stm32cube.ide.mcu.externaltools.gnu-tools-for-stm32.12.3.rel1.win32_1.0.100.202403111256/tools/bin/../lib/gcc/arm-none-eabi/12.3.1/../../../../arm-none-eabi/lib/thumb/v7e-m+fp/hard\libc_nano.a(libc_a-mallocr.o)
 .text._malloc_r
                0x08005b68      0x100 C:/ST/STM32CubeIDE_1.15.1/STM32CubeIDE/plugins/com.st.stm32cube.ide.mcu.externaltools.gnu-tools-for-stm32.12.3.rel1.win32_1.0.100.202403111256/tools/bin/../lib/gcc/arm-none-eabi/12.3.1/../../../../arm-none-eabi/lib/thumb/v7e-m+fp/hard\libc_nano.a(libc_a-mallocr.o)
                0x08005b68                _malloc_r
 .text.__malloc_lock
                0x08005c68        0xc C:/ST/STM32CubeIDE_1.15.1/STM32CubeIDE/plugins/com.st.stm32cube.ide.mcu.externaltools.gnu-tools-for-stm32.12.3.rel1.win32_1.0.100.202403111256/tools/bin/../lib/gcc/arm-none-eabi/12.3.1/../../../../arm-none-eabi/lib/thumb/v7e-m+fp/hard\libc_nano.a(libc_a-mlock.o)
                0x08005c68                __malloc_lock
 .text.__malloc_unlock
                0x08005c74        0xc C:/ST/STM32CubeIDE_1.15.1/STM32CubeIDE/plugins/com.st.stm32cube.ide.mcu.externaltools.gnu-tools-for-stm32.12.3.rel1.win32_1.0.100.202403111256/tools/bin/../lib/gcc/arm-none-eabi/12.3.1/../../../../arm-none-eabi/lib/thumb/v7e-m+fp/hard\libc_nano.a(libc_a-mlock.o)
                0x08005c74                __malloc_unlock
 .text.srand    0x08005c80       0x5c C:/ST/STM32CubeIDE_1.15.1/STM32CubeIDE/plugins/com.st.stm32cube.ide.mcu.externaltools.gnu-tools-for-stm32.12.3.rel1.win32_1.0.100.202403111256/tools/bin/../lib/gcc/arm-none-eabi/12.3.1/../../../../arm-none-eabi/lib/thumb/v7e-m+fp/hard\libc_nano.a(libc_a-rand.o)
                0x08005c80                srand
 .text.rand     0x08005cdc       0x7c C:/ST/STM32CubeIDE_1.15.1/STM32CubeIDE/plugins/com.st.stm32cube.ide.mcu.externaltools.gnu-tools-for-stm32.12.3.rel1.win32_1.0.100.202403111256/tools/bin/../lib/gcc/arm-none-eabi/12.3.1/../../../../arm-none-eabi/lib/thumb/v7e-m+fp/hard\libc_nano.a(libc_a-rand.o)
                0x08005cdc                rand
 .text.std      0x08005d58       0x6c C:/ST/STM32CubeIDE_1.15.1/STM32CubeIDE/plugins/com.st.stm32cube.ide.mcu.externaltools.gnu-tools-for-stm32.12.3.rel1.win32_1.0.100.202403111256/tools/bin/../lib/gcc/arm-none-eabi/12.3.1/../../../../arm-none-eabi/lib/thumb/v7e-m+fp/hard\libc_nano.a(libc_a-findfp.o)
 .text.stdio_exit_handler
                0x08005dc4       0x18 C:/ST/STM32CubeIDE_1.15.1/STM32CubeIDE/plugins/com.st.stm32cube.ide.mcu.externaltools.gnu-tools-for-stm32.12.3.rel1.win32_1.0.100.202403111256/tools/bin/../lib/gcc/arm-none-eabi/12.3.1/../../../../arm-none-eabi/lib/thumb/v7e-m+fp/hard\libc_nano.a(libc_a-findfp.o)
 .text.cleanup_stdio
                0x08005ddc       0x40 C:/ST/STM32CubeIDE_1.15.1/STM32CubeIDE/plugins/com.st.stm32cube.ide.mcu.externaltools.gnu-tools-for-stm32.12.3.rel1.win32_1.0.100.202403111256/tools/bin/../lib/gcc/arm-none-eabi/12.3.1/../../../../arm-none-eabi/lib/thumb/v7e-m+fp/hard\libc_nano.a(libc_a-findfp.o)
 .text.global_stdio_init.part.0
                0x08005e1c       0x3c C:/ST/STM32CubeIDE_1.15.1/STM32CubeIDE/plugins/com.st.stm32cube.ide.mcu.externaltools.gnu-tools-for-stm32.12.3.rel1.win32_1.0.100.202403111256/tools/bin/../lib/gcc/arm-none-eabi/12.3.1/../../../../arm-none-eabi/lib/thumb/v7e-m+fp/hard\libc_nano.a(libc_a-findfp.o)
 .text.__sfp_lock_acquire
                0x08005e58        0xc C:/ST/STM32CubeIDE_1.15.1/STM32CubeIDE/plugins/com.st.stm32cube.ide.mcu.externaltools.gnu-tools-for-stm32.12.3.rel1.win32_1.0.100.202403111256/tools/bin/../lib/gcc/arm-none-eabi/12.3.1/../../../../arm-none-eabi/lib/thumb/v7e-m+fp/hard\libc_nano.a(libc_a-findfp.o)
                0x08005e58                __sfp_lock_acquire
 .text.__sfp_lock_release
                0x08005e64        0xc C:/ST/STM32CubeIDE_1.15.1/STM32CubeIDE/plugins/com.st.stm32cube.ide.mcu.externaltools.gnu-tools-for-stm32.12.3.rel1.win32_1.0.100.202403111256/tools/bin/../lib/gcc/arm-none-eabi/12.3.1/../../../../arm-none-eabi/lib/thumb/v7e-m+fp/hard\libc_nano.a(libc_a-findfp.o)
                0x08005e64                __sfp_lock_release
 .text.__sinit  0x08005e70       0x30 C:/ST/STM32CubeIDE_1.15.1/STM32CubeIDE/plugins/com.st.stm32cube.ide.mcu.externaltools.gnu-tools-for-stm32.12.3.rel1.win32_1.0.100.202403111256/tools/bin/../lib/gcc/arm-none-eabi/12.3.1/../../../../arm-none-eabi/lib/thumb/v7e-m+fp/hard\libc_nano.a(libc_a-findfp.o)
                0x08005e70                __sinit
 .text._fwalk_sglue
                0x08005ea0       0x3c C:/ST/STM32CubeIDE_1.15.1/STM32CubeIDE/plugins/com.st.stm32cube.ide.mcu.externaltools.gnu-tools-for-stm32.12.3.rel1.win32_1.0.100.202403111256/tools/bin/../lib/gcc/arm-none-eabi/12.3.1/../../../../arm-none-eabi/lib/thumb/v7e-m+fp/hard\libc_nano.a(libc_a-fwalk.o)
                0x08005ea0                _fwalk_sglue
 .text.__sread  0x08005edc       0x22 C:/ST/STM32CubeIDE_1.15.1/STM32CubeIDE/plugins/com.st.stm32cube.ide.mcu.externaltools.gnu-tools-for-stm32.12.3.rel1.win32_1.0.100.202403111256/tools/bin/../lib/gcc/arm-none-eabi/12.3.1/../../../../arm-none-eabi/lib/thumb/v7e-m+fp/hard\libc_nano.a(libc_a-stdio.o)
                0x08005edc                __sread
 .text.__swrite
                0x08005efe       0x38 C:/ST/STM32CubeIDE_1.15.1/STM32CubeIDE/plugins/com.st.stm32cube.ide.mcu.externaltools.gnu-tools-for-stm32.12.3.rel1.win32_1.0.100.202403111256/tools/bin/../lib/gcc/arm-none-eabi/12.3.1/../../../../arm-none-eabi/lib/thumb/v7e-m+fp/hard\libc_nano.a(libc_a-stdio.o)
                0x08005efe                __swrite
 .text.__sseek  0x08005f36       0x24 C:/ST/STM32CubeIDE_1.15.1/STM32CubeIDE/plugins/com.st.stm32cube.ide.mcu.externaltools.gnu-tools-for-stm32.12.3.rel1.win32_1.0.100.202403111256/tools/bin/../lib/gcc/arm-none-eabi/12.3.1/../../../../arm-none-eabi/lib/thumb/v7e-m+fp/hard\libc_nano.a(libc_a-stdio.o)
                0x08005f36                __sseek
 .text.__sclose
                0x08005f5a        0x8 C:/ST/STM32CubeIDE_1.15.1/STM32CubeIDE/plugins/com.st.stm32cube.ide.mcu.externaltools.gnu-tools-for-stm32.12.3.rel1.win32_1.0.100.202403111256/tools/bin/../lib/gcc/arm-none-eabi/12.3.1/../../../../arm-none-eabi/lib/thumb/v7e-m+fp/hard\libc_nano.a(libc_a-stdio.o)
                0x08005f5a                __sclose
 .text.memmove  0x08005f62       0x34 C:/ST/STM32CubeIDE_1.15.1/STM32CubeIDE/plugins/com.st.stm32cube.ide.mcu.externaltools.gnu-tools-for-stm32.12.3.rel1.win32_1.0.100.202403111256/tools/bin/../lib/gcc/arm-none-eabi/12.3.1/../../../../arm-none-eabi/lib/thumb/v7e-m+fp/hard\libc_nano.a(libc_a-memmove.o)
                0x08005f62                memmove
 .text.memset   0x08005f96       0x10 C:/ST/STM32CubeIDE_1.15.1/STM32CubeIDE/plugins/com.st.stm32cube.ide.mcu.externaltools.gnu-tools-for-stm32.12.3.rel1.win32_1.0.100.202403111256/tools/bin/../lib/gcc/arm-none-eabi/12.3.1/../../../../arm-none-eabi/lib/thumb/v7e-m+fp/hard\libc_nano.a(libc_a-memset.o)
                0x08005f96                memset
 .text._raise_r
                0x08005fa6       0x50 C:/ST/STM32CubeIDE_1.15.1/STM32CubeIDE/plugins/com.st.stm32cube.ide.mcu.externaltools.gnu-tools-for-stm32.12.3.rel1.win32_1.0.100.202403111256/tools/bin/../lib/gcc/arm-none-eabi/12.3.1/../../../../arm-none-eabi/lib/thumb/v7e-m+fp/hard\libc_nano.a(libc_a-signal.o)
                0x08005fa6                _raise_r
 *fill*         0x08005ff6        0x2 
 .text.raise    0x08005ff8       0x10 C:/ST/STM32CubeIDE_1.15.1/STM32CubeIDE/plugins/com.st.stm32cube.ide.mcu.externaltools.gnu-tools-for-stm32.12.3.rel1.win32_1.0.100.202403111256/tools/bin/../lib/gcc/arm-none-eabi/12.3.1/../../../../arm-none-eabi/lib/thumb/v7e-m+fp/hard\libc_nano.a(libc_a-signal.o)
                0x08005ff8                raise
 .text._close_r
                0x08006008       0x20 C:/ST/STM32CubeIDE_1.15.1/STM32CubeIDE/plugins/com.st.stm32cube.ide.mcu.externaltools.gnu-tools-for-stm32.12.3.rel1.win32_1.0.100.202403111256/tools/bin/../lib/gcc/arm-none-eabi/12.3.1/../../../../arm-none-eabi/lib/thumb/v7e-m+fp/hard\libc_nano.a(libc_a-closer.o)
                0x08006008                _close_r
 .text._lseek_r
                0x08006028       0x24 C:/ST/STM32CubeIDE_1.15.1/STM32CubeIDE/plugins/com.st.stm32cube.ide.mcu.externaltools.gnu-tools-for-stm32.12.3.rel1.win32_1.0.100.202403111256/tools/bin/../lib/gcc/arm-none-eabi/12.3.1/../../../../arm-none-eabi/lib/thumb/v7e-m+fp/hard\libc_nano.a(libc_a-lseekr.o)
                0x08006028                _lseek_r
 .text._read_r  0x0800604c       0x24 C:/ST/STM32CubeIDE_1.15.1/STM32CubeIDE/plugins/com.st.stm32cube.ide.mcu.externaltools.gnu-tools-for-stm32.12.3.rel1.win32_1.0.100.202403111256/tools/bin/../lib/gcc/arm-none-eabi/12.3.1/../../../../arm-none-eabi/lib/thumb/v7e-m+fp/hard\libc_nano.a(libc_a-readr.o)
                0x0800604c                _read_r
 .text._kill_r  0x08006070       0x24 C:/ST/STM32CubeIDE_1.15.1/STM32CubeIDE/plugins/com.st.stm32cube.ide.mcu.externaltools.gnu-tools-for-stm32.12.3.rel1.win32_1.0.100.202403111256/tools/bin/../lib/gcc/arm-none-eabi/12.3.1/../../../../arm-none-eabi/lib/thumb/v7e-m+fp/hard\libc_nano.a(libc_a-signalr.o)
                0x08006070                _kill_r
 .text._getpid_r
                0x08006094        0x4 C:/ST/STM32CubeIDE_1.15.1/STM32CubeIDE/plugins/com.st.stm32cube.ide.mcu.externaltools.gnu-tools-for-stm32.12.3.rel1.win32_1.0.100.202403111256/tools/bin/../lib/gcc/arm-none-eabi/12.3.1/../../../../arm-none-eabi/lib/thumb/v7e-m+fp/hard\libc_nano.a(libc_a-signalr.o)
                0x08006094                _getpid_r
 .text._sbrk_r  0x08006098       0x20 C:/ST/STM32CubeIDE_1.15.1/STM32CubeIDE/plugins/com.st.stm32cube.ide.mcu.externaltools.gnu-tools-for-stm32.12.3.rel1.win32_1.0.100.202403111256/tools/bin/../lib/gcc/arm-none-eabi/12.3.1/../../../../arm-none-eabi/lib/thumb/v7e-m+fp/hard\libc_nano.a(libc_a-sbrkr.o)
                0x08006098                _sbrk_r
 .text._write_r
                0x080060b8       0x24 C:/ST/STM32CubeIDE_1.15.1/STM32CubeIDE/plugins/com.st.stm32cube.ide.mcu.externaltools.gnu-tools-for-stm32.12.3.rel1.win32_1.0.100.202403111256/tools/bin/../lib/gcc/arm-none-eabi/12.3.1/../../../../arm-none-eabi/lib/thumb/v7e-m+fp/hard\libc_nano.a(libc_a-writer.o)
                0x080060b8                _write_r
 .text.__errno  0x080060dc        0xc C:/ST/STM32CubeIDE_1.15.1/STM32CubeIDE/plugins/com.st.stm32cube.ide.mcu.externaltools.gnu-tools-for-stm32.12.3.rel1.win32_1.0.100.202403111256/tools/bin/../lib/gcc/arm-none-eabi/12.3.1/../../../../arm-none-eabi/lib/thumb/v7e-m+fp/hard\libc_nano.a(libc_a-errno.o)
                0x080060dc                __errno
 .text.__libc_init_array
                0x080060e8       0x48 C:/ST/STM32CubeIDE_1.15.1/STM32CubeIDE/plugins/com.st.stm32cube.ide.mcu.externaltools.gnu-tools-for-stm32.12.3.rel1.win32_1.0.100.202403111256/tools/bin/../lib/gcc/arm-none-eabi/12.3.1/../../../../arm-none-eabi/lib/thumb/v7e-m+fp/hard\libc_nano.a(libc_a-init.o)
                0x080060e8                __libc_init_array
 .text.__retarget_lock_init_recursive
                0x08006130        0x2 C:/ST/STM32CubeIDE_1.15.1/STM32CubeIDE/plugins/com.st.stm32cube.ide.mcu.externaltools.gnu-tools-for-stm32.12.3.rel1.win32_1.0.100.202403111256/tools/bin/../lib/gcc/arm-none-eabi/12.3.1/../../../../arm-none-eabi/lib/thumb/v7e-m+fp/hard\libc_nano.a(libc_a-lock.o)
                0x08006130                __retarget_lock_init_recursive
 .text.__retarget_lock_acquire_recursive
                0x08006132        0x2 C:/ST/STM32CubeIDE_1.15.1/STM32CubeIDE/plugins/com.st.stm32cube.ide.mcu.externaltools.gnu-tools-for-stm32.12.3.rel1.win32_1.0.100.202403111256/tools/bin/../lib/gcc/arm-none-eabi/12.3.1/../../../../arm-none-eabi/lib/thumb/v7e-m+fp/hard\libc_nano.a(libc_a-lock.o)
                0x08006132                __retarget_lock_acquire_recursive
 .text.__retarget_lock_release_recursive
                0x08006134        0x2 C:/ST/STM32CubeIDE_1.15.1/STM32CubeIDE/plugins/com.st.stm32cube.ide.mcu.externaltools.gnu-tools-for-stm32.12.3.rel1.win32_1.0.100.202403111256/tools/bin/../lib/gcc/arm-none-eabi/12.3.1/../../../../arm-none-eabi/lib/thumb/v7e-m+fp/hard\libc_nano.a(libc_a-lock.o)
                0x08006134                __retarget_lock_release_recursive
 *fill*         0x08006136        0x2 
 .text.__assert_func
                0x08006138       0x3c C:/ST/STM32CubeIDE_1.15.1/STM32CubeIDE/plugins/com.st.stm32cube.ide.mcu.externaltools.gnu-tools-for-stm32.12.3.rel1.win32_1.0.100.202403111256/tools/bin/../lib/gcc/arm-none-eabi/12.3.1/../../../../arm-none-eabi/lib/thumb/v7e-m+fp/hard\libc_nano.a(libc_a-assert.o)
                0x08006138                __assert_func
 .text._free_r  0x08006174       0x94 C:/ST/STM32CubeIDE_1.15.1/STM32CubeIDE/plugins/com.st.stm32cube.ide.mcu.externaltools.gnu-tools-for-stm32.12.3.rel1.win32_1.0.100.202403111256/tools/bin/../lib/gcc/arm-none-eabi/12.3.1/../../../../arm-none-eabi/lib/thumb/v7e-m+fp/hard\libc_nano.a(libc_a-freer.o)
                0x08006174                _free_r
 .text.__sflush_r
                0x08006208      0x108 C:/ST/STM32CubeIDE_1.15.1/STM32CubeIDE/plugins/com.st.stm32cube.ide.mcu.externaltools.gnu-tools-for-stm32.12.3.rel1.win32_1.0.100.202403111256/tools/bin/../lib/gcc/arm-none-eabi/12.3.1/../../../../arm-none-eabi/lib/thumb/v7e-m+fp/hard\libc_nano.a(libc_a-fflush.o)
                0x08006208                __sflush_r
 .text._fflush_r
                0x08006310       0x50 C:/ST/STM32CubeIDE_1.15.1/STM32CubeIDE/plugins/com.st.stm32cube.ide.mcu.externaltools.gnu-tools-for-stm32.12.3.rel1.win32_1.0.100.202403111256/tools/bin/../lib/gcc/arm-none-eabi/12.3.1/../../../../arm-none-eabi/lib/thumb/v7e-m+fp/hard\libc_nano.a(libc_a-fflush.o)
                0x08006310                _fflush_r
 .text.fprintf  0x08006360       0x24 C:/ST/STM32CubeIDE_1.15.1/STM32CubeIDE/plugins/com.st.stm32cube.ide.mcu.externaltools.gnu-tools-for-stm32.12.3.rel1.win32_1.0.100.202403111256/tools/bin/../lib/gcc/arm-none-eabi/12.3.1/../../../../arm-none-eabi/lib/thumb/v7e-m+fp/hard\libc_nano.a(libc_a-fprintf.o)
                0x08006360                fiprintf
                0x08006360                fprintf
 .text.__sfputc_r
                0x08006384       0x2e C:/ST/STM32CubeIDE_1.15.1/STM32CubeIDE/plugins/com.st.stm32cube.ide.mcu.externaltools.gnu-tools-for-stm32.12.3.rel1.win32_1.0.100.202403111256/tools/bin/../lib/gcc/arm-none-eabi/12.3.1/../../../../arm-none-eabi/lib/thumb/v7e-m+fp/hard\libc_nano.a(libc_a-nano-vfprintf.o)
 .text.__sfputs_r
                0x080063b2       0x24 C:/ST/STM32CubeIDE_1.15.1/STM32CubeIDE/plugins/com.st.stm32cube.ide.mcu.externaltools.gnu-tools-for-stm32.12.3.rel1.win32_1.0.100.202403111256/tools/bin/../lib/gcc/arm-none-eabi/12.3.1/../../../../arm-none-eabi/lib/thumb/v7e-m+fp/hard\libc_nano.a(libc_a-nano-vfprintf.o)
                0x080063b2                __sfputs_r
 *fill*         0x080063d6        0x2 
 .text._vfprintf_r
                0x080063d8      0x230 C:/ST/STM32CubeIDE_1.15.1/STM32CubeIDE/plugins/com.st.stm32cube.ide.mcu.externaltools.gnu-tools-for-stm32.12.3.rel1.win32_1.0.100.202403111256/tools/bin/../lib/gcc/arm-none-eabi/12.3.1/../../../../arm-none-eabi/lib/thumb/v7e-m+fp/hard\libc_nano.a(libc_a-nano-vfprintf.o)
                0x080063d8                _vfprintf_r
                0x080063d8                _vfiprintf_r
 .text._printf_common
                0x08006608       0xda C:/ST/STM32CubeIDE_1.15.1/STM32CubeIDE/plugins/com.st.stm32cube.ide.mcu.externaltools.gnu-tools-for-stm32.12.3.rel1.win32_1.0.100.202403111256/tools/bin/../lib/gcc/arm-none-eabi/12.3.1/../../../../arm-none-eabi/lib/thumb/v7e-m+fp/hard\libc_nano.a(libc_a-nano-vfprintf_i.o)
                0x08006608                _printf_common
 *fill*         0x080066e2        0x2 
 .text._printf_i
                0x080066e4      0x240 C:/ST/STM32CubeIDE_1.15.1/STM32CubeIDE/plugins/com.st.stm32cube.ide.mcu.externaltools.gnu-tools-for-stm32.12.3.rel1.win32_1.0.100.202403111256/tools/bin/../lib/gcc/arm-none-eabi/12.3.1/../../../../arm-none-eabi/lib/thumb/v7e-m+fp/hard\libc_nano.a(libc_a-nano-vfprintf_i.o)
                0x080066e4                _printf_i
 .text.__swbuf_r
                0x08006924       0x7c C:/ST/STM32CubeIDE_1.15.1/STM32CubeIDE/plugins/com.st.stm32cube.ide.mcu.externaltools.gnu-tools-for-stm32.12.3.rel1.win32_1.0.100.202403111256/tools/bin/../lib/gcc/arm-none-eabi/12.3.1/../../../../arm-none-eabi/lib/thumb/v7e-m+fp/hard\libc_nano.a(libc_a-wbuf.o)
                0x08006924                __swbuf_r
 .text.__swsetup_r
                0x080069a0       0xac C:/ST/STM32CubeIDE_1.15.1/STM32CubeIDE/plugins/com.st.stm32cube.ide.mcu.externaltools.gnu-tools-for-stm32.12.3.rel1.win32_1.0.100.202403111256/tools/bin/../lib/gcc/arm-none-eabi/12.3.1/../../../../arm-none-eabi/lib/thumb/v7e-m+fp/hard\libc_nano.a(libc_a-wsetup.o)
                0x080069a0                __swsetup_r
 .text.__swhatbuf_r
                0x08006a4c       0x4c C:/ST/STM32CubeIDE_1.15.1/STM32CubeIDE/plugins/com.st.stm32cube.ide.mcu.externaltools.gnu-tools-for-stm32.12.3.rel1.win32_1.0.100.202403111256/tools/bin/../lib/gcc/arm-none-eabi/12.3.1/../../../../arm-none-eabi/lib/thumb/v7e-m+fp/hard\libc_nano.a(libc_a-makebuf.o)
                0x08006a4c                __swhatbuf_r
 .text.__smakebuf_r
                0x08006a98       0x78 C:/ST/STM32CubeIDE_1.15.1/STM32CubeIDE/plugins/com.st.stm32cube.ide.mcu.externaltools.gnu-tools-for-stm32.12.3.rel1.win32_1.0.100.202403111256/tools/bin/../lib/gcc/arm-none-eabi/12.3.1/../../../../arm-none-eabi/lib/thumb/v7e-m+fp/hard\libc_nano.a(libc_a-makebuf.o)
                0x08006a98                __smakebuf_r
 .text._fstat_r
                0x08006b10       0x24 C:/ST/STM32CubeIDE_1.15.1/STM32CubeIDE/plugins/com.st.stm32cube.ide.mcu.externaltools.gnu-tools-for-stm32.12.3.rel1.win32_1.0.100.202403111256/tools/bin/../lib/gcc/arm-none-eabi/12.3.1/../../../../arm-none-eabi/lib/thumb/v7e-m+fp/hard\libc_nano.a(libc_a-fstatr.o)
                0x08006b10                _fstat_r
 .text._isatty_r
                0x08006b34       0x20 C:/ST/STM32CubeIDE_1.15.1/STM32CubeIDE/plugins/com.st.stm32cube.ide.mcu.externaltools.gnu-tools-for-stm32.12.3.rel1.win32_1.0.100.202403111256/tools/bin/../lib/gcc/arm-none-eabi/12.3.1/../../../../arm-none-eabi/lib/thumb/v7e-m+fp/hard\libc_nano.a(libc_a-isattyr.o)
                0x08006b34                _isatty_r
 *(.glue_7)
 .glue_7        0x08006b54        0x0 linker stubs
 *(.glue_7t)
 .glue_7t       0x08006b54        0x0 linker stubs
 *(.eh_frame)
 .eh_frame      0x08006b54        0x0 C:/ST/STM32CubeIDE_1.15.1/STM32CubeIDE/plugins/com.st.stm32cube.ide.mcu.externaltools.gnu-tools-for-stm32.12.3.rel1.win32_1.0.100.202403111256/tools/bin/../lib/gcc/arm-none-eabi/12.3.1/thumb/v7e-m+fp/hard/crtbegin.o
 *(.init)
 .init          0x08006b54        0x4 C:/ST/STM32CubeIDE_1.15.1/STM32CubeIDE/plugins/com.st.stm32cube.ide.mcu.externaltools.gnu-tools-for-stm32.12.3.rel1.win32_1.0.100.202403111256/tools/bin/../lib/gcc/arm-none-eabi/12.3.1/thumb/v7e-m+fp/hard/crti.o
                0x08006b54                _init
 .init          0x08006b58        0x8 C:/ST/STM32CubeIDE_1.15.1/STM32CubeIDE/plugins/com.st.stm32cube.ide.mcu.externaltools.gnu-tools-for-stm32.12.3.rel1.win32_1.0.100.202403111256/tools/bin/../lib/gcc/arm-none-eabi/12.3.1/thumb/v7e-m+fp/hard/crtn.o
 *(.fini)
 .fini          0x08006b60        0x4 C:/ST/STM32CubeIDE_1.15.1/STM32CubeIDE/plugins/com.st.stm32cube.ide.mcu.externaltools.gnu-tools-for-stm32.12.3.rel1.win32_1.0.100.202403111256/tools/bin/../lib/gcc/arm-none-eabi/12.3.1/thumb/v7e-m+fp/hard/crti.o
                0x08006b60                _fini
 .fini          0x08006b64        0x8 C:/ST/STM32CubeIDE_1.15.1/STM32CubeIDE/plugins/com.st.stm32cube.ide.mcu.externaltools.gnu-tools-for-stm32.12.3.rel1.win32_1.0.100.202403111256/tools/bin/../lib/gcc/arm-none-eabi/12.3.1/thumb/v7e-m+fp/hard/crtn.o
                0x08006b6c                        . = ALIGN (0x4)
                0x08006b6c                        _etext = .

.vfp11_veneer   0x08006b6c        0x0
 .vfp11_veneer  0x08006b6c        0x0 linker stubs

.v4_bx          0x08006b6c        0x0
 .v4_bx         0x08006b6c        0x0 linker stubs

.iplt           0x08006b6c        0x0
 .iplt          0x08006b6c        0x0 C:/ST/STM32CubeIDE_1.15.1/STM32CubeIDE/plugins/com.st.stm32cube.ide.mcu.externaltools.gnu-tools-for-stm32.12.3.rel1.win32_1.0.100.202403111256/tools/bin/../lib/gcc/arm-none-eabi/12.3.1/thumb/v7e-m+fp/hard/crtbegin.o

.rodata         0x08006b6c      0x1bc
                0x08006b6c                        . = ALIGN (0x4)
 *(.rodata)
 .rodata        0x08006b6c       0x29 ./Core/Src/main.o
 *fill*         0x08006b95        0x3 
 .rodata        0x08006b98       0x40 ./Games/Game_2048.o
 *(.rodata*)
 .rodata._ZL11BUTTON_LIST
                0x08006bd8       0x10 ./Core/Src/main.o
 .rodata._ZL7COLOURS
                0x08006be8       0x2d ./Core/Src/main.o
 *fill*         0x08006c15        0x3 
 .rodata.AHBPrescTable
                0x08006c18       0x10 ./Core/Src/system_stm32f3xx.o
                0x08006c18                AHBPrescTable
 .rodata.aPLLMULFactorTable
                0x08006c28       0x10 ./Drivers/STM32F3xx_HAL_Driver/Src/stm32f3xx_hal_rcc.o
 .rodata.aPredivFactorTable
                0x08006c38       0x10 ./Drivers/STM32F3xx_HAL_Driver/Src/stm32f3xx_hal_rcc.o
 .rodata.log.str1.1
                0x08006c48        0x0 C:/ST/STM32CubeIDE_1.15.1/STM32CubeIDE/plugins/com.st.stm32cube.ide.mcu.externaltools.gnu-tools-for-stm32.12.3.rel1.win32_1.0.100.202403111256/tools/bin/../lib/gcc/arm-none-eabi/12.3.1/../../../../arm-none-eabi/lib/thumb/v7e-m+fp/hard\libm.a(libm_a-w_log.o)
                                  0x1 (size before relaxing)
 .rodata.srand.str1.1
                0x08006c48       0x6f C:/ST/STM32CubeIDE_1.15.1/STM32CubeIDE/plugins/com.st.stm32cube.ide.mcu.externaltools.gnu-tools-for-stm32.12.3.rel1.win32_1.0.100.202403111256/tools/bin/../lib/gcc/arm-none-eabi/12.3.1/../../../../arm-none-eabi/lib/thumb/v7e-m+fp/hard\libc_nano.a(libc_a-rand.o)
 .rodata.__assert_func.str1.1
                0x08006cb7       0x3c C:/ST/STM32CubeIDE_1.15.1/STM32CubeIDE/plugins/com.st.stm32cube.ide.mcu.externaltools.gnu-tools-for-stm32.12.3.rel1.win32_1.0.100.202403111256/tools/bin/../lib/gcc/arm-none-eabi/12.3.1/../../../../arm-none-eabi/lib/thumb/v7e-m+fp/hard\libc_nano.a(libc_a-assert.o)
                                 0x3d (size before relaxing)
 .rodata._vfprintf_r.str1.1
                0x08006cf3       0x11 C:/ST/STM32CubeIDE_1.15.1/STM32CubeIDE/plugins/com.st.stm32cube.ide.mcu.externaltools.gnu-tools-for-stm32.12.3.rel1.win32_1.0.100.202403111256/tools/bin/../lib/gcc/arm-none-eabi/12.3.1/../../../../arm-none-eabi/lib/thumb/v7e-m+fp/hard\libc_nano.a(libc_a-nano-vfprintf.o)
 .rodata._printf_i.str1.1
                0x08006d04       0x22 C:/ST/STM32CubeIDE_1.15.1/STM32CubeIDE/plugins/com.st.stm32cube.ide.mcu.externaltools.gnu-tools-for-stm32.12.3.rel1.win32_1.0.100.202403111256/tools/bin/../lib/gcc/arm-none-eabi/12.3.1/../../../../arm-none-eabi/lib/thumb/v7e-m+fp/hard\libc_nano.a(libc_a-nano-vfprintf_i.o)
                0x08006d28                        . = ALIGN (0x4)
 *fill*         0x08006d26        0x2 

.ARM.extab      0x08006d28        0x0
                0x08006d28                        . = ALIGN (0x4)
 *(.ARM.extab* .gnu.linkonce.armextab.*)
                0x08006d28                        . = ALIGN (0x4)

.ARM            0x08006d28        0x8
                0x08006d28                        . = ALIGN (0x4)
                0x08006d28                        __exidx_start = .
 *(.ARM.exidx*)
 .ARM.exidx     0x08006d28        0x8 C:/ST/STM32CubeIDE_1.15.1/STM32CubeIDE/plugins/com.st.stm32cube.ide.mcu.externaltools.gnu-tools-for-stm32.12.3.rel1.win32_1.0.100.202403111256/tools/bin/../lib/gcc/arm-none-eabi/12.3.1/../../../../arm-none-eabi/lib/thumb/v7e-m+fp/hard\libc_nano.a(libc_a-memchr.o)
                0x08006d30                        __exidx_end = .
                0x08006d30                        . = ALIGN (0x4)

.preinit_array  0x08006d30        0x0
                0x08006d30                        . = ALIGN (0x4)
                0x08006d30                        PROVIDE (__preinit_array_start = .)
 *(.preinit_array*)
                0x08006d30                        PROVIDE (__preinit_array_end = .)
                0x08006d30                        . = ALIGN (0x4)

.init_array     0x08006d30        0x4
                0x08006d30                        . = ALIGN (0x4)
                0x08006d30                        PROVIDE (__init_array_start = .)
 *(SORT_BY_NAME(.init_array.*))
 *(.init_array*)
 .init_array    0x08006d30        0x4 C:/ST/STM32CubeIDE_1.15.1/STM32CubeIDE/plugins/com.st.stm32cube.ide.mcu.externaltools.gnu-tools-for-stm32.12.3.rel1.win32_1.0.100.202403111256/tools/bin/../lib/gcc/arm-none-eabi/12.3.1/thumb/v7e-m+fp/hard/crtbegin.o
                0x08006d34                        PROVIDE (__init_array_end = .)
                0x08006d34                        . = ALIGN (0x4)

.fini_array     0x08006d34        0x4
                0x08006d34                        . = ALIGN (0x4)
                [!provide]                        PROVIDE (__fini_array_start = .)
 *(SORT_BY_NAME(.fini_array.*))
 *(.fini_array*)
 .fini_array    0x08006d34        0x4 C:/ST/STM32CubeIDE_1.15.1/STM32CubeIDE/plugins/com.st.stm32cube.ide.mcu.externaltools.gnu-tools-for-stm32.12.3.rel1.win32_1.0.100.202403111256/tools/bin/../lib/gcc/arm-none-eabi/12.3.1/thumb/v7e-m+fp/hard/crtbegin.o
                [!provide]                        PROVIDE (__fini_array_end = .)
                0x08006d38                        . = ALIGN (0x4)
                0x08006d38                        _sidata = LOADADDR (.data)

.rel.dyn        0x08006d38        0x0
 .rel.iplt      0x08006d38        0x0 C:/ST/STM32CubeIDE_1.15.1/STM32CubeIDE/plugins/com.st.stm32cube.ide.mcu.externaltools.gnu-tools-for-stm32.12.3.rel1.win32_1.0.100.202403111256/tools/bin/../lib/gcc/arm-none-eabi/12.3.1/thumb/v7e-m+fp/hard/crtbegin.o

.data           0x20000000       0x68 load address 0x08006d38
                0x20000000                        . = ALIGN (0x4)
                0x20000000                        _sdata = .
 *(.data)
 *(.data*)
 .data.SystemCoreClock
                0x20000000        0x4 ./Core/Src/system_stm32f3xx.o
                0x20000000                SystemCoreClock
 .data.uwTickPrio
                0x20000004        0x4 ./Drivers/STM32F3xx_HAL_Driver/Src/stm32f3xx_hal.o
                0x20000004                uwTickPrio
 .data.uwTickFreq
                0x20000008        0x1 ./Drivers/STM32F3xx_HAL_Driver/Src/stm32f3xx_hal.o
                0x20000008                uwTickFreq
 *fill*         0x20000009        0x3 
 .data.__sglue  0x2000000c        0xc C:/ST/STM32CubeIDE_1.15.1/STM32CubeIDE/plugins/com.st.stm32cube.ide.mcu.externaltools.gnu-tools-for-stm32.12.3.rel1.win32_1.0.100.202403111256/tools/bin/../lib/gcc/arm-none-eabi/12.3.1/../../../../arm-none-eabi/lib/thumb/v7e-m+fp/hard\libc_nano.a(libc_a-findfp.o)
                0x2000000c                __sglue
 .data._impure_ptr
                0x20000018        0x4 C:/ST/STM32CubeIDE_1.15.1/STM32CubeIDE/plugins/com.st.stm32cube.ide.mcu.externaltools.gnu-tools-for-stm32.12.3.rel1.win32_1.0.100.202403111256/tools/bin/../lib/gcc/arm-none-eabi/12.3.1/../../../../arm-none-eabi/lib/thumb/v7e-m+fp/hard\libc_nano.a(libc_a-impure.o)
                0x20000018                _impure_ptr
 .data._impure_data
                0x2000001c       0x4c C:/ST/STM32CubeIDE_1.15.1/STM32CubeIDE/plugins/com.st.stm32cube.ide.mcu.externaltools.gnu-tools-for-stm32.12.3.rel1.win32_1.0.100.202403111256/tools/bin/../lib/gcc/arm-none-eabi/12.3.1/../../../../arm-none-eabi/lib/thumb/v7e-m+fp/hard\libc_nano.a(libc_a-impure.o)
                0x2000001c                _impure_data
 *(.RamFunc)
 *(.RamFunc*)
                0x20000068                        . = ALIGN (0x4)
                0x20000068                        _edata = .
                0x08006da0                        _siccmram = LOADADDR (.ccmram)

.igot.plt       0x20000068        0x0 load address 0x08006da0
 .igot.plt      0x20000068        0x0 C:/ST/STM32CubeIDE_1.15.1/STM32CubeIDE/plugins/com.st.stm32cube.ide.mcu.externaltools.gnu-tools-for-stm32.12.3.rel1.win32_1.0.100.202403111256/tools/bin/../lib/gcc/arm-none-eabi/12.3.1/thumb/v7e-m+fp/hard/crtbegin.o

.ccmram         0x10000000        0x0 load address 0x08006da0
                0x10000000                        . = ALIGN (0x4)
                0x10000000                        _sccmram = .
 *(.ccmram)
 *(.ccmram*)
                0x10000000                        . = ALIGN (0x4)
                0x10000000                        _eccmram = .
                0x10000000                        . = ALIGN (0x4)

.bss            0x20000068      0x1cc
                0x20000068                        _sbss = .
                0x20000068                        __bss_start__ = _sbss
 *(.bss)
 .bss           0x20000068       0x1c C:/ST/STM32CubeIDE_1.15.1/STM32CubeIDE/plugins/com.st.stm32cube.ide.mcu.externaltools.gnu-tools-for-stm32.12.3.rel1.win32_1.0.100.202403111256/tools/bin/../lib/gcc/arm-none-eabi/12.3.1/thumb/v7e-m+fp/hard/crtbegin.o
 *(.bss*)
 .bss.hi2c1     0x20000084       0x54 ./Core/Src/main.o
                0x20000084                hi2c1
 .bss._ZZ13LED_heartbeatE6led_on
                0x200000d8        0x1 ./Core/Src/main.o
 *fill*         0x200000d9        0x3 
 .bss.__sbrk_heap_end
                0x200000dc        0x4 ./Core/Src/sysmem.o
 .bss.uwTick    0x200000e0        0x4 ./Drivers/STM32F3xx_HAL_Driver/Src/stm32f3xx_hal.o
                0x200000e0                uwTick
 .bss._ZN12_GLOBAL__N_113__new_handlerE
                0x200000e4        0x4 C:/ST/STM32CubeIDE_1.15.1/STM32CubeIDE/plugins/com.st.stm32cube.ide.mcu.externaltools.gnu-tools-for-stm32.12.3.rel1.win32_1.0.100.202403111256/tools/bin/../lib/gcc/arm-none-eabi/12.3.1/../../../../arm-none-eabi/lib/thumb/v7e-m+fp/hard\libstdc++_nano.a(new_handler.o)
 .bss.__malloc_sbrk_start
                0x200000e8        0x4 C:/ST/STM32CubeIDE_1.15.1/STM32CubeIDE/plugins/com.st.stm32cube.ide.mcu.externaltools.gnu-tools-for-stm32.12.3.rel1.win32_1.0.100.202403111256/tools/bin/../lib/gcc/arm-none-eabi/12.3.1/../../../../arm-none-eabi/lib/thumb/v7e-m+fp/hard\libc_nano.a(libc_a-mallocr.o)
                0x200000e8                __malloc_sbrk_start
 .bss.__malloc_free_list
                0x200000ec        0x4 C:/ST/STM32CubeIDE_1.15.1/STM32CubeIDE/plugins/com.st.stm32cube.ide.mcu.externaltools.gnu-tools-for-stm32.12.3.rel1.win32_1.0.100.202403111256/tools/bin/../lib/gcc/arm-none-eabi/12.3.1/../../../../arm-none-eabi/lib/thumb/v7e-m+fp/hard\libc_nano.a(libc_a-mallocr.o)
                0x200000ec                __malloc_free_list
 .bss.__sf      0x200000f0      0x138 C:/ST/STM32CubeIDE_1.15.1/STM32CubeIDE/plugins/com.st.stm32cube.ide.mcu.externaltools.gnu-tools-for-stm32.12.3.rel1.win32_1.0.100.202403111256/tools/bin/../lib/gcc/arm-none-eabi/12.3.1/../../../../arm-none-eabi/lib/thumb/v7e-m+fp/hard\libc_nano.a(libc_a-findfp.o)
                0x200000f0                __sf
 .bss.__stdio_exit_handler
                0x20000228        0x4 C:/ST/STM32CubeIDE_1.15.1/STM32CubeIDE/plugins/com.st.stm32cube.ide.mcu.externaltools.gnu-tools-for-stm32.12.3.rel1.win32_1.0.100.202403111256/tools/bin/../lib/gcc/arm-none-eabi/12.3.1/../../../../arm-none-eabi/lib/thumb/v7e-m+fp/hard\libc_nano.a(libc_a-findfp.o)
                0x20000228                __stdio_exit_handler
 .bss.errno     0x2000022c        0x4 C:/ST/STM32CubeIDE_1.15.1/STM32CubeIDE/plugins/com.st.stm32cube.ide.mcu.externaltools.gnu-tools-for-stm32.12.3.rel1.win32_1.0.100.202403111256/tools/bin/../lib/gcc/arm-none-eabi/12.3.1/../../../../arm-none-eabi/lib/thumb/v7e-m+fp/hard\libc_nano.a(libc_a-reent.o)
                0x2000022c                errno
 .bss.__lock___malloc_recursive_mutex
                0x20000230        0x1 C:/ST/STM32CubeIDE_1.15.1/STM32CubeIDE/plugins/com.st.stm32cube.ide.mcu.externaltools.gnu-tools-for-stm32.12.3.rel1.win32_1.0.100.202403111256/tools/bin/../lib/gcc/arm-none-eabi/12.3.1/../../../../arm-none-eabi/lib/thumb/v7e-m+fp/hard\libc_nano.a(libc_a-lock.o)
                0x20000230                __lock___malloc_recursive_mutex
 .bss.__lock___sfp_recursive_mutex
                0x20000231        0x1 C:/ST/STM32CubeIDE_1.15.1/STM32CubeIDE/plugins/com.st.stm32cube.ide.mcu.externaltools.gnu-tools-for-stm32.12.3.rel1.win32_1.0.100.202403111256/tools/bin/../lib/gcc/arm-none-eabi/12.3.1/../../../../arm-none-eabi/lib/thumb/v7e-m+fp/hard\libc_nano.a(libc_a-lock.o)
                0x20000231                __lock___sfp_recursive_mutex
 *(COMMON)
                0x20000234                        . = ALIGN (0x4)
 *fill*         0x20000232        0x2 
                0x20000234                        _ebss = .
                0x20000234                        __bss_end__ = _ebss

._user_heap_stack
                0x20000234      0x604
                0x20000238                        . = ALIGN (0x8)
 *fill*         0x20000234        0x4 
                [!provide]                        PROVIDE (end = .)
                0x20000238                        PROVIDE (_end = .)
                0x20000438                        . = (. + _Min_Heap_Size)
 *fill*         0x20000238      0x200 
                0x20000838                        . = (. + _Min_Stack_Size)
 *fill*         0x20000438      0x400 
                0x20000838                        . = ALIGN (0x8)

/DISCARD/
 libc.a(*)
 libm.a(*)
 libgcc.a(*)

.ARM.attributes
                0x00000000       0x30
 *(.ARM.attributes)
 .ARM.attributes
                0x00000000       0x22 C:/ST/STM32CubeIDE_1.15.1/STM32CubeIDE/plugins/com.st.stm32cube.ide.mcu.externaltools.gnu-tools-for-stm32.12.3.rel1.win32_1.0.100.202403111256/tools/bin/../lib/gcc/arm-none-eabi/12.3.1/thumb/v7e-m+fp/hard/crti.o
 .ARM.attributes
                0x00000022       0x34 C:/ST/STM32CubeIDE_1.15.1/STM32CubeIDE/plugins/com.st.stm32cube.ide.mcu.externaltools.gnu-tools-for-stm32.12.3.rel1.win32_1.0.100.202403111256/tools/bin/../lib/gcc/arm-none-eabi/12.3.1/thumb/v7e-m+fp/hard/crtbegin.o
 .ARM.attributes
                0x00000056       0x34 ./Core/Src/main.o
 .ARM.attributes
                0x0000008a       0x34 ./Core/Src/stm32f3xx_hal_msp.o
 .ARM.attributes
                0x000000be       0x34 ./Core/Src/stm32f3xx_it.o
 .ARM.attributes
                0x000000f2       0x34 ./Core/Src/syscalls.o
 .ARM.attributes
                0x00000126       0x34 ./Core/Src/sysmem.o
 .ARM.attributes
                0x0000015a       0x34 ./Core/Src/system_stm32f3xx.o
 .ARM.attributes
                0x0000018e       0x21 ./Core/Startup/startup_stm32f303cbtx.o
 .ARM.attributes
                0x000001af       0x34 ./Drivers/STM32F3xx_HAL_Driver/Src/stm32f3xx_hal.o
 .ARM.attributes
                0x000001e3       0x34 ./Drivers/STM32F3xx_HAL_Driver/Src/stm32f3xx_hal_cortex.o
 .ARM.attributes
                0x00000217       0x34 ./Drivers/STM32F3xx_HAL_Driver/Src/stm32f3xx_hal_gpio.o
 .ARM.attributes
                0x0000024b       0x34 ./Drivers/STM32F3xx_HAL_Driver/Src/stm32f3xx_hal_i2c.o
 .ARM.attributes
                0x0000027f       0x34 ./Drivers/STM32F3xx_HAL_Driver/Src/stm32f3xx_hal_i2c_ex.o
 .ARM.attributes
                0x000002b3       0x34 ./Drivers/STM32F3xx_HAL_Driver/Src/stm32f3xx_hal_rcc.o
 .ARM.attributes
                0x000002e7       0x34 ./Drivers/STM32F3xx_HAL_Driver/Src/stm32f3xx_hal_rcc_ex.o
 .ARM.attributes
                0x0000031b       0x34 ./Games/Game_2048.o
 .ARM.attributes
                0x0000034f       0x34 C:/ST/STM32CubeIDE_1.15.1/STM32CubeIDE/plugins/com.st.stm32cube.ide.mcu.externaltools.gnu-tools-for-stm32.12.3.rel1.win32_1.0.100.202403111256/tools/bin/../lib/gcc/arm-none-eabi/12.3.1/../../../../arm-none-eabi/lib/thumb/v7e-m+fp/hard\libstdc++_nano.a(del_ops.o)
 .ARM.attributes
                0x00000383       0x34 C:/ST/STM32CubeIDE_1.15.1/STM32CubeIDE/plugins/com.st.stm32cube.ide.mcu.externaltools.gnu-tools-for-stm32.12.3.rel1.win32_1.0.100.202403111256/tools/bin/../lib/gcc/arm-none-eabi/12.3.1/../../../../arm-none-eabi/lib/thumb/v7e-m+fp/hard\libstdc++_nano.a(del_opv.o)
 .ARM.attributes
                0x000003b7       0x34 C:/ST/STM32CubeIDE_1.15.1/STM32CubeIDE/plugins/com.st.stm32cube.ide.mcu.externaltools.gnu-tools-for-stm32.12.3.rel1.win32_1.0.100.202403111256/tools/bin/../lib/gcc/arm-none-eabi/12.3.1/../../../../arm-none-eabi/lib/thumb/v7e-m+fp/hard\libstdc++_nano.a(new_op.o)
 .ARM.attributes
                0x000003eb       0x34 C:/ST/STM32CubeIDE_1.15.1/STM32CubeIDE/plugins/com.st.stm32cube.ide.mcu.externaltools.gnu-tools-for-stm32.12.3.rel1.win32_1.0.100.202403111256/tools/bin/../lib/gcc/arm-none-eabi/12.3.1/../../../../arm-none-eabi/lib/thumb/v7e-m+fp/hard\libstdc++_nano.a(new_opv.o)
 .ARM.attributes
                0x0000041f       0x34 C:/ST/STM32CubeIDE_1.15.1/STM32CubeIDE/plugins/com.st.stm32cube.ide.mcu.externaltools.gnu-tools-for-stm32.12.3.rel1.win32_1.0.100.202403111256/tools/bin/../lib/gcc/arm-none-eabi/12.3.1/../../../../arm-none-eabi/lib/thumb/v7e-m+fp/hard\libstdc++_nano.a(functexcept.o)
 .ARM.attributes
                0x00000453       0x34 C:/ST/STM32CubeIDE_1.15.1/STM32CubeIDE/plugins/com.st.stm32cube.ide.mcu.externaltools.gnu-tools-for-stm32.12.3.rel1.win32_1.0.100.202403111256/tools/bin/../lib/gcc/arm-none-eabi/12.3.1/../../../../arm-none-eabi/lib/thumb/v7e-m+fp/hard\libstdc++_nano.a(del_op.o)
 .ARM.attributes
                0x00000487       0x34 C:/ST/STM32CubeIDE_1.15.1/STM32CubeIDE/plugins/com.st.stm32cube.ide.mcu.externaltools.gnu-tools-for-stm32.12.3.rel1.win32_1.0.100.202403111256/tools/bin/../lib/gcc/arm-none-eabi/12.3.1/../../../../arm-none-eabi/lib/thumb/v7e-m+fp/hard\libstdc++_nano.a(new_handler.o)
 .ARM.attributes
                0x000004bb       0x34 C:/ST/STM32CubeIDE_1.15.1/STM32CubeIDE/plugins/com.st.stm32cube.ide.mcu.externaltools.gnu-tools-for-stm32.12.3.rel1.win32_1.0.100.202403111256/tools/bin/../lib/gcc/arm-none-eabi/12.3.1/../../../../arm-none-eabi/lib/thumb/v7e-m+fp/hard\libm.a(libm_a-s_log2.o)
 .ARM.attributes
                0x000004ef       0x34 C:/ST/STM32CubeIDE_1.15.1/STM32CubeIDE/plugins/com.st.stm32cube.ide.mcu.externaltools.gnu-tools-for-stm32.12.3.rel1.win32_1.0.100.202403111256/tools/bin/../lib/gcc/arm-none-eabi/12.3.1/../../../../arm-none-eabi/lib/thumb/v7e-m+fp/hard\libm.a(libm_a-w_log.o)
 .ARM.attributes
                0x00000523       0x34 C:/ST/STM32CubeIDE_1.15.1/STM32CubeIDE/plugins/com.st.stm32cube.ide.mcu.externaltools.gnu-tools-for-stm32.12.3.rel1.win32_1.0.100.202403111256/tools/bin/../lib/gcc/arm-none-eabi/12.3.1/../../../../arm-none-eabi/lib/thumb/v7e-m+fp/hard\libm.a(libm_a-s_nan.o)
 .ARM.attributes
                0x00000557       0x34 C:/ST/STM32CubeIDE_1.15.1/STM32CubeIDE/plugins/com.st.stm32cube.ide.mcu.externaltools.gnu-tools-for-stm32.12.3.rel1.win32_1.0.100.202403111256/tools/bin/../lib/gcc/arm-none-eabi/12.3.1/../../../../arm-none-eabi/lib/thumb/v7e-m+fp/hard\libm.a(libm_a-e_log.o)
 .ARM.attributes
                0x0000058b       0x34 C:/ST/STM32CubeIDE_1.15.1/STM32CubeIDE/plugins/com.st.stm32cube.ide.mcu.externaltools.gnu-tools-for-stm32.12.3.rel1.win32_1.0.100.202403111256/tools/bin/../lib/gcc/arm-none-eabi/12.3.1/../../../../arm-none-eabi/lib/thumb/v7e-m+fp/hard\libc_nano.a(libc_a-abort.o)
 .ARM.attributes
                0x000005bf       0x34 C:/ST/STM32CubeIDE_1.15.1/STM32CubeIDE/plugins/com.st.stm32cube.ide.mcu.externaltools.gnu-tools-for-stm32.12.3.rel1.win32_1.0.100.202403111256/tools/bin/../lib/gcc/arm-none-eabi/12.3.1/../../../../arm-none-eabi/lib/thumb/v7e-m+fp/hard\libc_nano.a(libc_a-malloc.o)
 .ARM.attributes
                0x000005f3       0x34 C:/ST/STM32CubeIDE_1.15.1/STM32CubeIDE/plugins/com.st.stm32cube.ide.mcu.externaltools.gnu-tools-for-stm32.12.3.rel1.win32_1.0.100.202403111256/tools/bin/../lib/gcc/arm-none-eabi/12.3.1/../../../../arm-none-eabi/lib/thumb/v7e-m+fp/hard\libc_nano.a(libc_a-mallocr.o)
 .ARM.attributes
                0x00000627       0x34 C:/ST/STM32CubeIDE_1.15.1/STM32CubeIDE/plugins/com.st.stm32cube.ide.mcu.externaltools.gnu-tools-for-stm32.12.3.rel1.win32_1.0.100.202403111256/tools/bin/../lib/gcc/arm-none-eabi/12.3.1/../../../../arm-none-eabi/lib/thumb/v7e-m+fp/hard\libc_nano.a(libc_a-mlock.o)
 .ARM.attributes
                0x0000065b       0x34 C:/ST/STM32CubeIDE_1.15.1/STM32CubeIDE/plugins/com.st.stm32cube.ide.mcu.externaltools.gnu-tools-for-stm32.12.3.rel1.win32_1.0.100.202403111256/tools/bin/../lib/gcc/arm-none-eabi/12.3.1/../../../../arm-none-eabi/lib/thumb/v7e-m+fp/hard\libc_nano.a(libc_a-rand.o)
 .ARM.attributes
                0x0000068f       0x34 C:/ST/STM32CubeIDE_1.15.1/STM32CubeIDE/plugins/com.st.stm32cube.ide.mcu.externaltools.gnu-tools-for-stm32.12.3.rel1.win32_1.0.100.202403111256/tools/bin/../lib/gcc/arm-none-eabi/12.3.1/../../../../arm-none-eabi/lib/thumb/v7e-m+fp/hard\libc_nano.a(libc_a-findfp.o)
 .ARM.attributes