20:56:39 **** Incremental Build of configuration Debug for project blinker ****
make -j16 all 
arm-none-eabi-gcc "../Core/Src/main.c" -mcpu=cortex-m4 -std=gnu11 -g3 -DDEBUG -DUSE_HAL_DRIVER -DSTM32F303xC -c -I../Core/Inc -I../Drivers/STM32F3xx_HAL_Driver/Inc/Legacy -I../Drivers/STM32F3xx_HAL_Driver/Inc -I../Drivers/CMSIS/Device/ST/STM32F3xx/Include -I../Drivers/CMSIS/Include -O0 -ffunction-sections -fdata-sections -Wall -fstack-usage -fcyclomatic-complexity -MMD -MP -MF"Core/Src/main.d" -MT"Core/Src/main.o" --specs=nano.specs -mfpu=fpv4-sp-d16 -mfloat-abi=hard -mthumb -o "Core/Src/main.o"
arm-none-eabi-gcc -o "blinker.elf" @"objects.list"   -mcpu=cortex-m4 -T"C:\Users\1miln\Desktop\Projects\hardware_2048\firmware\blinker\STM32F303CBTX_FLASH.ld" --specs=nosys.specs -Wl,-Map="blinker.map" -Wl,--gc-sections -static --specs=nano.specs -mfpu=fpv4-sp-d16 -mfloat-abi=hard -mthumb -Wl,--start-group -lc -lm -Wl,--end-group
Finished building target: blinker.elf
 
arm-none-eabi-size  blinker.elf 
arm-none-eabi-objdump -h -S blinker.elf  > "blinker.list"
   text	   data	    bss	    dec	    hex	filename
   8008	     12	   1572	   9592	   2578	blinker.elf
Finished building: default.size.stdout
 
Finished building: blinker.list
 

20:56:39 Build Finished. 0 errors, 0 warnings. (took 502ms)

