17:49:53 **** Incremental Build of configuration Debug for project led_2048 ****
make -j16 all 
arm-none-eabi-g++ "../Core/Src/main.cpp" -mcpu=cortex-m4 -std=gnu++14 -g3 -DDEBUG -DUSE_HAL_DRIVER -DSTM32F303xC -c -I../Core/Inc -I../Drivers/STM32F3xx_HAL_Driver/Inc/Legacy -I../Drivers/STM32F3xx_HAL_Driver/Inc -I../Drivers/CMSIS/Device/ST/STM32F3xx/Include -I../Drivers/CMSIS/Include -O0 -ffunction-sections -fdata-sections -fno-exceptions -fno-rtti -fno-use-cxa-atexit -Wall -fstack-usage -fcyclomatic-complexity -MMD -MP -MF"Core/Src/main.d" -MT"Core/Src/main.o" --specs=nano.specs -mfpu=fpv4-sp-d16 -mfloat-abi=hard -mthumb -o "Core/Src/main.o"
../Core/Src/main.cpp: In function 'int main()':
../Core/Src/main.cpp:161:12: warning: unused variable 'led_diff_millis' [-Wunused-variable]
  161 |   uint32_t led_diff_millis = HAL_GetTick();
      |            ^~~~~~~~~~~~~~~
../Core/Src/main.cpp:162:11: warning: unused variable 'r1' [-Wunused-variable]
  162 |   uint8_t r1 = 5, g1 = 17, b1 = 9;
      |           ^~
../Core/Src/main.cpp:162:19: warning: unused variable 'g1' [-Wunused-variable]
  162 |   uint8_t r1 = 5, g1 = 17, b1 = 9;
      |                   ^~
../Core/Src/main.cpp:162:28: warning: unused variable 'b1' [-Wunused-variable]
  162 |   uint8_t r1 = 5, g1 = 17, b1 = 9;
      |                            ^~
../Core/Src/main.cpp:164:11: warning: unused variable 'grid' [-Wunused-variable]
  164 |   uint8_t grid[25] =
      |           ^~~~
../Core/Src/main.cpp:172:11: warning: unused variable 'colours' [-Wunused-variable]
  172 |   uint8_t colours[15] =
      |           ^~~~~~~
../Core/Src/main.cpp:186:11: warning: unused variable 'rainbow_on' [-Wunused-variable]
  186 |   uint8_t rainbow_on[17] = {PWM0, 0xFF, 0, 0, 0xFF, 0xFF, 0, 0, 0xFF, 0, 0, 0xFF, 0xFF, 0, 0, 0xFF, 0};
      |           ^~~~~~~~~~
../Core/Src/main.cpp:188:11: warning: unused variable 'rainbow_dim' [-Wunused-variable]
  188 |   uint8_t rainbow_dim[17] = {PWM0, 8, 0, 0, 8, 8, 0, 0, 8, 0, 0, 8, 8, 0, 0, 8, 0};
      |           ^~~~~~~~~~~
../Core/Src/main.cpp:190:11: warning: unused variable 'all_dim' [-Wunused-variable]
  190 |   uint8_t all_dim[17] = {PWM0, 8, 8, 8, 8, 8, 8, 8, 8, 8, 8, 8, 8, 8, 8, 8, 8};
      |           ^~~~~~~
arm-none-eabi-g++ -o "led_2048.elf" @"objects.list"   -mcpu=cortex-m4 -T"C:\Users\1miln\Desktop\Projects\hardware_2048\firmware\led_2048\STM32F303CBTX_FLASH.ld" --specs=nosys.specs -Wl,-Map="led_2048.map" -Wl,--gc-sections -static --specs=nano.specs -mfpu=fpv4-sp-d16 -mfloat-abi=hard -mthumb -Wl,--start-group -lc -lm -lstdc++ -lsupc++ -Wl,--end-group
Finished building target: led_2048.elf
 
arm-none-eabi-size  led_2048.elf 
arm-none-eabi-objdump -h -S led_2048.elf  > "led_2048.list"
   text	   data	    bss	    dec	    hex	filename
  12460	     12	   1660	  14132	   3734	led_2048.elf
Finished building: default.size.stdout
 
Finished building: led_2048.list
 

17:49:54 Build Finished. 0 errors, 9 warnings. (took 908ms)

