16:38:43 **** Incremental Build of configuration Debug for project seven_seg_display ****
make -j16 all 
arm-none-eabi-gcc "../Core/Src/main.c" -mcpu=cortex-m4 -std=gnu11 -g3 -DDEBUG -DUSE_HAL_DRIVER -DSTM32F401xE -c -I../Core/Inc -I../Drivers/STM32F4xx_HAL_Driver/Inc -I../Drivers/STM32F4xx_HAL_Driver/Inc/Legacy -I../Drivers/CMSIS/Device/ST/STM32F4xx/Include -I../Drivers/CMSIS/Include -O0 -ffunction-sections -fdata-sections -Wall -fstack-usage -fcyclomatic-complexity -MMD -MP -MF"Core/Src/main.d" -MT"Core/Src/main.o" --specs=nano.specs -mfpu=fpv4-sp-d16 -mfloat-abi=hard -mthumb -o "Core/Src/main.o"
../Core/Src/main.c: In function 'main':
../Core/Src/main.c:122:75: warning: passing argument 6 of 'display_num_multiple' discards 'const' qualifier from pointer target type [-Wdiscarded-qualifiers]
  122 |           display_num_multiple(seconds, 10, DATA_PIN, CLK_PIN, LATCH_PIN, SEGMENT_PINS);
      |                                                                           ^~~~~~~~~~~~
In file included from ../Core/Src/main.c:24:
../Core/Inc/7_seg_display_x4.h:17:117: note: expected 'uint16_t *' {aka 'short unsigned int *'} but argument is of type 'const uint16_t *' {aka 'const short unsigned int *'}
   17 | void display_num_multiple(uint16_t num, int speed, uint16_t ser_pin, uint16_t clk_pin, uint16_t latch_pin, uint16_t seg_pins[4]);
      |                                                                                                            ~~~~~~~~~^~~~~~~~~~~
arm-none-eabi-gcc -o "seven_seg_display.elf" @"objects.list"   -mcpu=cortex-m4 -T"C:\Users\1miln\Desktop\Projects\hardware_2048\firmware\seven_seg_display\STM32F401RETX_FLASH.ld" --specs=nosys.specs -Wl,-Map="seven_seg_display.map" -Wl,--gc-sections -static --specs=nano.specs -mfpu=fpv4-sp-d16 -mfloat-abi=hard -mthumb -Wl,--start-group -lc -lm -Wl,--end-group
Finished building target: seven_seg_display.elf
 
arm-none-eabi-size  seven_seg_display.elf 
arm-none-eabi-objdump -h -S seven_seg_display.elf  > "seven_seg_display.list"
   text	   data	    bss	    dec	    hex	filename
   8672	     12	   1644	  10328	   2858	seven_seg_display.elf
Finished building: default.size.stdout
 
Finished building: seven_seg_display.list
 

16:38:45 Build Finished. 0 errors, 1 warnings. (took 1s.153ms)

